2026-03-21 11:24:09,746 [INFO] 📅 타겟 날짜: 2026-03-20
2026-03-21 11:24:10,733 [INFO] ✅ 기초 자료 및 매핑 로드 완료 (Mode: DAILY, Target Date: 2026-03-20, Workers: 10)
2026-03-21 11:24:10,733 [INFO] 🚀 실시간 일일 변동분 수집 시작 (2026-03-20 기준)
2026-03-21 11:24:10,733 [INFO] 🔎 [1] 행정안전부_생활_체력단련장업 조회서비스 조회 중...
2026-03-21 11:24:10,989 [INFO]    ... 총 27349건, 55 페이지 처리 시작 (Workers: 10)
2026-03-21 11:24:12,351 [INFO]       ... 1/55 페이지 진행 중...
2026-03-21 11:24:14,700 [INFO]       ... 41/55 페이지 진행 중...
2026-03-21 11:24:14,708 [INFO]    ✅ 1건 저장 완료
2026-03-21 11:24:15,013 [INFO] 🔎 [2] 행정안전부_생활_체육도장업 조회서비스 조회 중...
2026-03-21 11:24:15,171 [INFO]    ... 총 32500건, 65 페이지 처리 시작 (Workers: 10)
2026-03-21 11:24:15,461 [INFO]       ... 1/65 페이지 진행 중...
2026-03-21 11:24:19,009 [INFO]       ... 41/65 페이지 진행 중...
2026-03-21 11:24:19,373 [INFO]    ℹ️ 변동 사항 없음
2026-03-21 11:24:19,678 [INFO] 🔎 [3] 행정안전부_생활_목욕장업 조회서비스 조회 중...
2026-03-21 11:24:19,764 [INFO]    ... 총 17702건, 36 페이지 처리 시작 (Workers: 10)
2026-03-21 11:24:21,466 [INFO]       ... 1/36 페이지 진행 중...
2026-03-21 11:24:23,109 [INFO]    ✅ 4건 저장 완료
2026-03-21 11:24:23,415 [INFO] 🔎 [4] 행정안전부_자원환경_목재수입유통업 조회서비스 조회 중...
2026-03-21 11:24:25,347 [INFO]    ... 총 3395건, 7 페이지 처리 시작 (Workers: 10)
2026-03-21 11:24:26,756 [INFO]       ... 1/7 페이지 진행 중...
2026-03-21 11:24:26,758 [INFO]    ℹ️ 변동 사항 없음
2026-03-21 11:24:27,063 [INFO] 🔎 [5] 행정안전부_자원환경_원목생산업 조회서비스 조회 중...
2026-03-21 11:24:27,236 [INFO]    ... 총 3568건, 8 페이지 처리 시작 (Workers: 10)
2026-03-21 11:24:27,389 [INFO]       ... 1/8 페이지 진행 중...
2026-03-21 11:24:27,390 [INFO]    ℹ️ 변동 사항 없음
2026-03-21 11:24:27,696 [INFO] 🔎 [6] 행정안전부_자원환경_제재업 조회서비스 조회 중...
2026-03-21 11:24:29,165 [INFO]    ... 총 2833건, 6 페이지 처리 시작 (Workers: 10)
2026-03-21 11:24:29,343 [INFO]       ... 1/6 페이지 진행 중...
2026-03-21 11:24:29,343 [INFO]    ℹ️ 변동 사항 없음
2026-03-21 11:24:29,646 [INFO] 🔎 [7] 행정안전부_자원환경_계량기수리업 조회서비스 조회 중...
2026-03-21 11:24:31,077 [INFO]    ... 총 1155건, 3 페이지 처리 시작 (Workers: 10)
2026-03-21 11:24:31,433 [INFO]       ... 1/3 페이지 진행 중...
2026-03-21 11:24:31,438 [INFO]    ✅ 1건 저장 완료
2026-03-21 11:24:31,745 [INFO] 🔎 [8] 행정안전부_자원환경_계량기수입업 조회서비스 조회 중...
2026-03-21 11:24:32,820 [INFO]    ℹ️ 변동 사항 없음
2026-03-21 11:24:33,123 [INFO] 🔎 [9] 행정안전부_자원환경_계량기제조업 조회서비스 조회 중...
2026-03-21 11:24:33,142 [INFO]    ℹ️ 변동 사항 없음
2026-03-21 11:24:33,446 [INFO] 🔎 [10] 행정안전부_자원환경_계량기증명업 조회서비스 조회 중...
2026-03-21 11:24:33,519 [INFO]    ℹ️ 변동 사항 없음
2026-03-21 11:24:33,825 [INFO] 🔎 [11] 행정안전부_자원환경_고압가스업 조회서비스 조회 중...
2026-03-21 11:24:35,773 [INFO]    ℹ️ 변동 사항 없음
2026-03-21 11:24:36,079 [INFO] 🔎 [12] 행정안전부_자원환경_석연탄제조업 조회서비스 조회 중...
2026-03-21 11:24:36,755 [INFO]    ℹ️ 변동 사항 없음
2026-03-21 11:24:37,059 [INFO] 🔎 [13] 행정안전부_자원환경_석유및석유대체연료판매업체 조회서비스 조회 중...
2026-03-21 11:24:37,079 [INFO]    ℹ️ 변동 사항 없음
2026-03-21 11:24:37,383 [INFO] 🔎 [14] 행정안전부_자원환경_석유판매업 조회서비스 조회 중...
2026-03-21 11:24:37,406 [INFO]    ℹ️ 변동 사항 없음
2026-03-21 11:24:37,708 [INFO] 🔎 [15] 행정안전부_자원환경_액화석유가스용품제조업체 조회서비스 조회 중...
2026-03-21 11:24:39,048 [INFO]    ℹ️ 변동 사항 없음
2026-03-21 11:24:39,352 [INFO] 🔎 [16] 행정안전부_자원환경_일반도시가스업체 조회서비스 조회 중...
2026-03-21 11:24:39,370 [INFO]    ℹ️ 변동 사항 없음
2026-03-21 11:24:39,676 [INFO] 🔎 [17] 행정안전부_자원환경_전력기술감리업체 조회서비스 조회 중...
2026-03-21 11:24:40,329 [INFO]    ℹ️ 변동 사항 없음
2026-03-21 11:24:40,631 [INFO] 🔎 [18] 행정안전부_자원환경_전력기술설계업체 조회서비스 조회 중...
2026-03-21 11:24:40,849 [INFO]    ℹ️ 변동 사항 없음
2026-03-21 11:24:41,153 [INFO] 🔎 [19] 행정안전부_자원환경_특정고압가스업 조회서비스 조회 중...
2026-03-21 11:24:41,167 [INFO]    ℹ️ 변동 사항 없음
2026-03-21 11:24:41,472 [INFO] 🔎 [20] 행정안전부_자원환경_지하수시공업체 조회서비스 조회 중...
2026-03-21 11:24:41,491 [INFO]    ℹ️ 변동 사항 없음
2026-03-21 11:24:41,797 [INFO] 🔎 [21] 행정안전부_자원환경_지하수영향조사기관 조회서비스 조회 중...
2026-03-21 11:24:42,528 [INFO]    ℹ️ 변동 사항 없음
2026-03-21 11:24:42,835 [INFO] 🔎 [22] 행정안전부_자원환경_지하수정화업체 조회서비스 조회 중...
2026-03-21 11:24:42,955 [INFO]    ℹ️ 변동 사항 없음
2026-03-21 11:24:43,256 [INFO] 🔎 [23] 행정안전부_자원환경_가축분뇨수집운반업 조회서비스 조회 중...
2026-03-21 11:24:43,272 [INFO]    ℹ️ 변동 사항 없음
2026-03-21 11:24:43,573 [INFO] 🔎 [24] 행정안전부_자원환경_가축분뇨배출시설관리업(사업장) 조회서비스 조회 중...
2026-03-21 11:24:44,167 [INFO]    ℹ️ 변동 사항 없음
2026-03-21 11:24:44,472 [INFO] 🔎 [25] 행정안전부_자원환경_개인하수처리시설관리업(사업장) 조회서비스 조회 중...
2026-03-21 11:24:44,901 [INFO]    ℹ️ 변동 사항 없음
2026-03-21 11:24:45,202 [INFO] 🔎 [26] 행정안전부_자원환경_건물위생관리업 조회서비스 조회 중...
2026-03-21 11:24:45,220 [INFO]    ℹ️ 변동 사항 없음
2026-03-21 11:24:45,527 [INFO] 🔎 [27] 행정안전부_자원환경_건설폐기물처리업 조회서비스 조회 중...
2026-03-21 11:24:45,576 [INFO]    ℹ️ 변동 사항 없음
2026-03-21 11:24:45,880 [INFO] 🔎 [28] 행정안전부_자원환경_급수공사대행업 조회서비스 조회 중...
2026-03-21 11:24:47,444 [INFO]    ℹ️ 변동 사항 없음
2026-03-21 11:24:47,751 [INFO] 🔎 [29] 행정안전부_자원환경_단독정화조 및 오수처리시설설계시공업 조회서비스 조회 중...
2026-03-21 11:24:48,970 [INFO]    ℹ️ 변동 사항 없음
2026-03-21 11:24:49,273 [INFO] 🔎 [30] 행정안전부_자원환경_대기오염물질배출시설설치사업장 조회서비스 조회 중...
2026-03-21 11:24:49,288 [INFO]    ℹ️ 변동 사항 없음
2026-03-21 11:24:49,594 [INFO] 🔎 [31] 행정안전부_자원환경_배출가스전문정비사업자(확인검사대행자) 조회서비스 조회 중...
2026-03-21 11:24:49,612 [INFO]    ℹ️ 변동 사항 없음
2026-03-21 11:24:49,913 [INFO] 🔎 [32] 행정안전부_자원환경_분뇨수집운반업 조회서비스 조회 중...
2026-03-21 11:24:50,049 [INFO]    ℹ️ 변동 사항 없음
2026-03-21 11:24:50,356 [INFO] 🔎 [33] 행정안전부_자원환경_소독업 조회서비스 조회 중...
2026-03-21 11:24:50,373 [INFO]    ℹ️ 변동 사항 없음
2026-03-21 11:24:50,679 [INFO] 🔎 [34] 행정안전부_자원환경_수질오염원설치시설(기타) 조회서비스 조회 중...
2026-03-21 11:24:51,543 [INFO]    ℹ️ 변동 사항 없음
2026-03-21 11:24:51,849 [INFO] 🔎 [35] 행정안전부_자원환경_쓰레기종량제봉투판매업 조회서비스 조회 중...
2026-03-21 11:24:51,936 [INFO]    ℹ️ 변동 사항 없음
2026-03-21 11:24:52,242 [INFO] 🔎 [36] 행정안전부_자원환경_저수조청소업 조회서비스 조회 중...
2026-03-21 11:24:52,258 [INFO]    ℹ️ 변동 사항 없음
2026-03-21 11:24:52,563 [INFO] 🔎 [37] 행정안전부_자원환경_환경관리대행기관 조회서비스 조회 중...
2026-03-21 11:24:52,582 [INFO]    ℹ️ 변동 사항 없음
2026-03-21 11:24:52,888 [INFO] 🔎 [38] 행정안전부_자원환경_환경전문공사업 조회서비스 조회 중...
2026-03-21 11:24:53,793 [INFO]    ℹ️ 변동 사항 없음
2026-03-21 11:24:54,098 [INFO] 🔎 [39] 행정안전부_자원환경_환경측정대행업 조회서비스 조회 중...
2026-03-21 11:24:54,121 [INFO]    ℹ️ 변동 사항 없음
2026-03-21 11:24:54,423 [INFO] 🔎 [40] 행정안전부_자원환경_환경컨설팅회사 조회서비스 조회 중...
2026-03-21 11:24:54,490 [INFO]    ℹ️ 변동 사항 없음
2026-03-21 11:24:54,793 [INFO] 🔎 [41] 행정안전부_기타_옥외광고업 조회서비스 조회 중...
2026-03-21 11:24:55,100 [INFO]    ℹ️ 변동 사항 없음
2026-03-21 11:24:55,406 [INFO] 🔎 [42] 행정안전부_기타_인쇄사 조회서비스 조회 중...
2026-03-21 11:24:56,251 [INFO]    ℹ️ 변동 사항 없음
2026-03-21 11:24:56,557 [INFO] 🔎 [43] 행정안전부_기타_출판사 조회서비스 조회 중...
2026-03-21 11:24:56,580 [INFO]    ℹ️ 변동 사항 없음
2026-03-21 11:24:56,886 [INFO] 🔎 [44] 행정안전부_기타_국제물류주선업 조회서비스 조회 중...
2026-03-21 11:24:57,479 [INFO]    ℹ️ 변동 사항 없음
2026-03-21 11:24:57,785 [INFO] 🔎 [45] 행정안전부_기타_민방위급수시설 조회서비스 조회 중...
2026-03-21 11:24:57,810 [INFO]    ℹ️ 변동 사항 없음
2026-03-21 11:24:58,114 [INFO] 🔎 [46] 행정안전부_기타_승강기유지관리업체 조회서비스 조회 중...
2026-03-21 11:24:58,161 [INFO]    ℹ️ 변동 사항 없음
2026-03-21 11:24:58,467 [INFO] 🔎 [47] 행정안전부_기타_승강기제조및수입업체 조회서비스 조회 중...
2026-03-21 11:24:58,486 [INFO]    ℹ️ 변동 사항 없음
2026-03-21 11:24:58,792 [INFO] 🔎 [48] 행정안전부_기타_요양보호사교육기관 조회서비스 조회 중...
2026-03-21 11:24:59,552 [INFO]    ℹ️ 변동 사항 없음
2026-03-21 11:24:59,858 [INFO] 🔎 [49] 행정안전부_기타_장례지도사 교육기관 조회서비스 조회 중...
2026-03-21 11:24:59,882 [INFO]    ℹ️ 변동 사항 없음
2026-03-21 11:25:00,187 [INFO] 🔎 [50] 행정안전부_기타_무료직업소개소 조회서비스 조회 중...
2026-03-21 11:25:00,255 [INFO]    ℹ️ 변동 사항 없음
2026-03-21 11:25:00,558 [INFO] 🔎 [51] 행정안전부_기타_유료직업소개소 조회서비스 조회 중...
2026-03-21 11:25:00,576 [INFO]    ℹ️ 변동 사항 없음
2026-03-21 11:25:00,879 [INFO] 📦 결과물 압축 중... (LOCALDATA_YESTERDAY_CSV.zip)
2026-03-21 11:25:00,885 [INFO] ✨ 최종 압축 완료: /Users/heebonpark/Downloads/내프로젝트모음/영업기회/data/LOCALDATA_YESTERDAY_CSV.zip
2026-03-21 11:25:00,886 [INFO] 🏁 작업 종료.
2026-04-01 20:23:37,054 [INFO] 📅 수집 대상 날짜 (1일분 - 평일만): ['2026-03-31']
2026-04-01 20:23:37,055 [INFO] 📍 대상 시군구 코드 로드 완료: 10개
2026-04-01 20:23:38,768 [INFO] 🚀 [2026-03-31] 데이터 수집 시작
2026-04-02 06:41:46,915 [WARNING] Retrying (Retry(total=3, connect=None, read=None, redirect=None, status=None)) after connection broken by 'ReadTimeoutError("HTTPConnectionPool(host='apis.data.go.kr', port=80): Read timed out. (read timeout=180)")': /1741000/general_restaurants/info?serviceKey=DvyS97s%2FWyCWPJjBU7bvoebRE%2B4lxRphMHewhAcQQrGMPT%2F8PcP0bOCO8bTs2b7H25qViKWruSqim57HphOAjA%3D%3D&pageNo=2984&numOfRows=500&type=json&localCode=3120000
2026-04-02 06:41:46,969 [WARNING] Retrying (Retry(total=3, connect=None, read=None, redirect=None, status=None)) after connection broken by 'ReadTimeoutError("HTTPConnectionPool(host='apis.data.go.kr', port=80): Read timed out. (read timeout=180)")': /1741000/general_restaurants/info?serviceKey=DvyS97s%2FWyCWPJjBU7bvoebRE%2B4lxRphMHewhAcQQrGMPT%2F8PcP0bOCO8bTs2b7H25qViKWruSqim57HphOAjA%3D%3D&pageNo=2981&numOfRows=500&type=json&localCode=3120000
2026-04-02 06:41:46,971 [WARNING] Retrying (Retry(total=3, connect=None, read=None, redirect=None, status=None)) after connection broken by 'ReadTimeoutError("HTTPConnectionPool(host='apis.data.go.kr', port=80): Read timed out. (read timeout=180)")': /1741000/general_restaurants/info?serviceKey=DvyS97s%2FWyCWPJjBU7bvoebRE%2B4lxRphMHewhAcQQrGMPT%2F8PcP0bOCO8bTs2b7H25qViKWruSqim57HphOAjA%3D%3D&pageNo=2983&numOfRows=500&type=json&localCode=3120000
2026-04-02 06:41:46,971 [WARNING] Retrying (Retry(total=3, connect=None, read=None, redirect=None, status=None)) after connection broken by 'ReadTimeoutError("HTTPConnectionPool(host='apis.data.go.kr', port=80): Read timed out. (read timeout=180)")': /1741000/general_restaurants/info?serviceKey=DvyS97s%2FWyCWPJjBU7bvoebRE%2B4lxRphMHewhAcQQrGMPT%2F8PcP0bOCO8bTs2b7H25qViKWruSqim57HphOAjA%3D%3D&pageNo=2982&numOfRows=500&type=json&localCode=3120000
2026-04-02 06:42:15,728 [WARNING] Retrying (Retry(total=4, connect=None, read=None, redirect=None, status=None)) after connection broken by 'ReadTimeoutError("HTTPConnectionPool(host='apis.data.go.kr', port=80): Read timed out. (read timeout=180)")': /1741000/general_restaurants/info?serviceKey=DvyS97s%2FWyCWPJjBU7bvoebRE%2B4lxRphMHewhAcQQrGMPT%2F8PcP0bOCO8bTs2b7H25qViKWruSqim57HphOAjA%3D%3D&pageNo=2986&numOfRows=500&type=json&localCode=3120000
2026-04-02 06:42:17,528 [WARNING] Retrying (Retry(total=2, connect=None, read=None, redirect=None, status=None)) after connection broken by 'NameResolutionError("HTTPConnection(host='apis.data.go.kr', port=80): Failed to resolve 'apis.data.go.kr' ([Errno 8] nodename nor servname provided, or not known)")': /1741000/general_restaurants/info?serviceKey=DvyS97s%2FWyCWPJjBU7bvoebRE%2B4lxRphMHewhAcQQrGMPT%2F8PcP0bOCO8bTs2b7H25qViKWruSqim57HphOAjA%3D%3D&pageNo=2981&numOfRows=500&type=json&localCode=3120000
2026-04-02 06:42:17,529 [WARNING] Retrying (Retry(total=2, connect=None, read=None, redirect=None, status=None)) after connection broken by 'NameResolutionError("HTTPConnection(host='apis.data.go.kr', port=80): Failed to resolve 'apis.data.go.kr' ([Errno 8] nodename nor servname provided, or not known)")': /1741000/general_restaurants/info?serviceKey=DvyS97s%2FWyCWPJjBU7bvoebRE%2B4lxRphMHewhAcQQrGMPT%2F8PcP0bOCO8bTs2b7H25qViKWruSqim57HphOAjA%3D%3D&pageNo=2982&numOfRows=500&type=json&localCode=3120000
2026-04-02 06:42:17,529 [WARNING] Retrying (Retry(total=2, connect=None, read=None, redirect=None, status=None)) after connection broken by 'NameResolutionError("HTTPConnection(host='apis.data.go.kr', port=80): Failed to resolve 'apis.data.go.kr' ([Errno 8] nodename nor servname provided, or not known)")': /1741000/general_restaurants/info?serviceKey=DvyS97s%2FWyCWPJjBU7bvoebRE%2B4lxRphMHewhAcQQrGMPT%2F8PcP0bOCO8bTs2b7H25qViKWruSqim57HphOAjA%3D%3D&pageNo=2983&numOfRows=500&type=json&localCode=3120000
2026-04-02 06:42:17,529 [WARNING] Retrying (Retry(total=2, connect=None, read=None, redirect=None, status=None)) after connection broken by 'NameResolutionError("HTTPConnection(host='apis.data.go.kr', port=80): Failed to resolve 'apis.data.go.kr' ([Errno 8] nodename nor servname provided, or not known)")': /1741000/general_restaurants/info?serviceKey=DvyS97s%2FWyCWPJjBU7bvoebRE%2B4lxRphMHewhAcQQrGMPT%2F8PcP0bOCO8bTs2b7H25qViKWruSqim57HphOAjA%3D%3D&pageNo=2984&numOfRows=500&type=json&localCode=3120000
2026-04-02 06:42:17,735 [WARNING] Retrying (Retry(total=3, connect=None, read=None, redirect=None, status=None)) after connection broken by 'NameResolutionError("HTTPConnection(host='apis.data.go.kr', port=80): Failed to resolve 'apis.data.go.kr' ([Errno 8] nodename nor servname provided, or not known)")': /1741000/general_restaurants/info?serviceKey=DvyS97s%2FWyCWPJjBU7bvoebRE%2B4lxRphMHewhAcQQrGMPT%2F8PcP0bOCO8bTs2b7H25qViKWruSqim57HphOAjA%3D%3D&pageNo=2986&numOfRows=500&type=json&localCode=3120000
2026-04-02 06:42:21,742 [WARNING] Retrying (Retry(total=2, connect=None, read=None, redirect=None, status=None)) after connection broken by 'NameResolutionError("HTTPConnection(host='apis.data.go.kr', port=80): Failed to resolve 'apis.data.go.kr' ([Errno 8] nodename nor servname provided, or not known)")': /1741000/general_restaurants/info?serviceKey=DvyS97s%2FWyCWPJjBU7bvoebRE%2B4lxRphMHewhAcQQrGMPT%2F8PcP0bOCO8bTs2b7H25qViKWruSqim57HphOAjA%3D%3D&pageNo=2986&numOfRows=500&type=json&localCode=3120000
2026-04-02 06:42:25,537 [WARNING] Retrying (Retry(total=1, connect=None, read=None, redirect=None, status=None)) after connection broken by 'NameResolutionError("HTTPConnection(host='apis.data.go.kr', port=80): Failed to resolve 'apis.data.go.kr' ([Errno 8] nodename nor servname provided, or not known)")': /1741000/general_restaurants/info?serviceKey=DvyS97s%2FWyCWPJjBU7bvoebRE%2B4lxRphMHewhAcQQrGMPT%2F8PcP0bOCO8bTs2b7H25qViKWruSqim57HphOAjA%3D%3D&pageNo=2984&numOfRows=500&type=json&localCode=3120000
2026-04-02 06:42:25,538 [WARNING] Retrying (Retry(total=1, connect=None, read=None, redirect=None, status=None)) after connection broken by 'NameResolutionError("HTTPConnection(host='apis.data.go.kr', port=80): Failed to resolve 'apis.data.go.kr' ([Errno 8] nodename nor servname provided, or not known)")': /1741000/general_restaurants/info?serviceKey=DvyS97s%2FWyCWPJjBU7bvoebRE%2B4lxRphMHewhAcQQrGMPT%2F8PcP0bOCO8bTs2b7H25qViKWruSqim57HphOAjA%3D%3D&pageNo=2982&numOfRows=500&type=json&localCode=3120000
2026-04-02 06:42:25,538 [WARNING] Retrying (Retry(total=1, connect=None, read=None, redirect=None, status=None)) after connection broken by 'NameResolutionError("HTTPConnection(host='apis.data.go.kr', port=80): Failed to resolve 'apis.data.go.kr' ([Errno 8] nodename nor servname provided, or not known)")': /1741000/general_restaurants/info?serviceKey=DvyS97s%2FWyCWPJjBU7bvoebRE%2B4lxRphMHewhAcQQrGMPT%2F8PcP0bOCO8bTs2b7H25qViKWruSqim57HphOAjA%3D%3D&pageNo=2981&numOfRows=500&type=json&localCode=3120000
2026-04-02 06:42:25,538 [WARNING] Retrying (Retry(total=1, connect=None, read=None, redirect=None, status=None)) after connection broken by 'NameResolutionError("HTTPConnection(host='apis.data.go.kr', port=80): Failed to resolve 'apis.data.go.kr' ([Errno 8] nodename nor servname provided, or not known)")': /1741000/general_restaurants/info?serviceKey=DvyS97s%2FWyCWPJjBU7bvoebRE%2B4lxRphMHewhAcQQrGMPT%2F8PcP0bOCO8bTs2b7H25qViKWruSqim57HphOAjA%3D%3D&pageNo=2983&numOfRows=500&type=json&localCode=3120000
2026-04-02 06:42:29,755 [WARNING] Retrying (Retry(total=1, connect=None, read=None, redirect=None, status=None)) after connection broken by 'NameResolutionError("HTTPConnection(host='apis.data.go.kr', port=80): Failed to resolve 'apis.data.go.kr' ([Errno 8] nodename nor servname provided, or not known)")': /1741000/general_restaurants/info?serviceKey=DvyS97s%2FWyCWPJjBU7bvoebRE%2B4lxRphMHewhAcQQrGMPT%2F8PcP0bOCO8bTs2b7H25qViKWruSqim57HphOAjA%3D%3D&pageNo=2986&numOfRows=500&type=json&localCode=3120000
2026-04-02 06:42:41,546 [WARNING] Retrying (Retry(total=0, connect=None, read=None, redirect=None, status=None)) after connection broken by 'NameResolutionError("HTTPConnection(host='apis.data.go.kr', port=80): Failed to resolve 'apis.data.go.kr' ([Errno 8] nodename nor servname provided, or not known)")': /1741000/general_restaurants/info?serviceKey=DvyS97s%2FWyCWPJjBU7bvoebRE%2B4lxRphMHewhAcQQrGMPT%2F8PcP0bOCO8bTs2b7H25qViKWruSqim57HphOAjA%3D%3D&pageNo=2984&numOfRows=500&type=json&localCode=3120000
2026-04-02 06:42:41,547 [WARNING] Retrying (Retry(total=0, connect=None, read=None, redirect=None, status=None)) after connection broken by 'NameResolutionError("HTTPConnection(host='apis.data.go.kr', port=80): Failed to resolve 'apis.data.go.kr' ([Errno 8] nodename nor servname provided, or not known)")': /1741000/general_restaurants/info?serviceKey=DvyS97s%2FWyCWPJjBU7bvoebRE%2B4lxRphMHewhAcQQrGMPT%2F8PcP0bOCO8bTs2b7H25qViKWruSqim57HphOAjA%3D%3D&pageNo=2983&numOfRows=500&type=json&localCode=3120000
2026-04-02 06:42:41,547 [WARNING] Retrying (Retry(total=0, connect=None, read=None, redirect=None, status=None)) after connection broken by 'NameResolutionError("HTTPConnection(host='apis.data.go.kr', port=80): Failed to resolve 'apis.data.go.kr' ([Errno 8] nodename nor servname provided, or not known)")': /1741000/general_restaurants/info?serviceKey=DvyS97s%2FWyCWPJjBU7bvoebRE%2B4lxRphMHewhAcQQrGMPT%2F8PcP0bOCO8bTs2b7H25qViKWruSqim57HphOAjA%3D%3D&pageNo=2982&numOfRows=500&type=json&localCode=3120000
2026-04-02 06:42:41,547 [WARNING] Retrying (Retry(total=0, connect=None, read=None, redirect=None, status=None)) after connection broken by 'NameResolutionError("HTTPConnection(host='apis.data.go.kr', port=80): Failed to resolve 'apis.data.go.kr' ([Errno 8] nodename nor servname provided, or not known)")': /1741000/general_restaurants/info?serviceKey=DvyS97s%2FWyCWPJjBU7bvoebRE%2B4lxRphMHewhAcQQrGMPT%2F8PcP0bOCO8bTs2b7H25qViKWruSqim57HphOAjA%3D%3D&pageNo=2981&numOfRows=500&type=json&localCode=3120000
2026-04-02 06:42:41,561 [WARNING] Retrying (Retry(total=4, connect=None, read=None, redirect=None, status=None)) after connection broken by 'NameResolutionError("HTTPConnection(host='apis.data.go.kr', port=80): Failed to resolve 'apis.data.go.kr' ([Errno 8] nodename nor servname provided, or not known)")': /1741000/general_restaurants/info?serviceKey=DvyS97s%2FWyCWPJjBU7bvoebRE%2B4lxRphMHewhAcQQrGMPT%2F8PcP0bOCO8bTs2b7H25qViKWruSqim57HphOAjA%3D%3D&pageNo=2988&numOfRows=500&type=json&localCode=3120000
2026-04-02 06:42:41,561 [WARNING] Retrying (Retry(total=4, connect=None, read=None, redirect=None, status=None)) after connection broken by 'NameResolutionError("HTTPConnection(host='apis.data.go.kr', port=80): Failed to resolve 'apis.data.go.kr' ([Errno 8] nodename nor servname provided, or not known)")': /1741000/general_restaurants/info?serviceKey=DvyS97s%2FWyCWPJjBU7bvoebRE%2B4lxRphMHewhAcQQrGMPT%2F8PcP0bOCO8bTs2b7H25qViKWruSqim57HphOAjA%3D%3D&pageNo=2990&numOfRows=500&type=json&localCode=3120000
2026-04-02 06:42:41,561 [WARNING] Retrying (Retry(total=4, connect=None, read=None, redirect=None, status=None)) after connection broken by 'NameResolutionError("HTTPConnection(host='apis.data.go.kr', port=80): Failed to resolve 'apis.data.go.kr' ([Errno 8] nodename nor servname provided, or not known)")': /1741000/general_restaurants/info?serviceKey=DvyS97s%2FWyCWPJjBU7bvoebRE%2B4lxRphMHewhAcQQrGMPT%2F8PcP0bOCO8bTs2b7H25qViKWruSqim57HphOAjA%3D%3D&pageNo=2989&numOfRows=500&type=json&localCode=3120000
2026-04-02 06:42:41,562 [WARNING] Retrying (Retry(total=4, connect=None, read=None, redirect=None, status=None)) after connection broken by 'NameResolutionError("HTTPConnection(host='apis.data.go.kr', port=80): Failed to resolve 'apis.data.go.kr' ([Errno 8] nodename nor servname provided, or not known)")': /1741000/general_restaurants/info?serviceKey=DvyS97s%2FWyCWPJjBU7bvoebRE%2B4lxRphMHewhAcQQrGMPT%2F8PcP0bOCO8bTs2b7H25qViKWruSqim57HphOAjA%3D%3D&pageNo=2987&numOfRows=500&type=json&localCode=3120000
2026-04-02 06:42:43,565 [WARNING] Retrying (Retry(total=3, connect=None, read=None, redirect=None, status=None)) after connection broken by 'NameResolutionError("HTTPConnection(host='apis.data.go.kr', port=80): Failed to resolve 'apis.data.go.kr' ([Errno 8] nodename nor servname provided, or not known)")': /1741000/general_restaurants/info?serviceKey=DvyS97s%2FWyCWPJjBU7bvoebRE%2B4lxRphMHewhAcQQrGMPT%2F8PcP0bOCO8bTs2b7H25qViKWruSqim57HphOAjA%3D%3D&pageNo=2988&numOfRows=500&type=json&localCode=3120000
2026-04-02 06:42:43,565 [WARNING] Retrying (Retry(total=3, connect=None, read=None, redirect=None, status=None)) after connection broken by 'NameResolutionError("HTTPConnection(host='apis.data.go.kr', port=80): Failed to resolve 'apis.data.go.kr' ([Errno 8] nodename nor servname provided, or not known)")': /1741000/general_restaurants/info?serviceKey=DvyS97s%2FWyCWPJjBU7bvoebRE%2B4lxRphMHewhAcQQrGMPT%2F8PcP0bOCO8bTs2b7H25qViKWruSqim57HphOAjA%3D%3D&pageNo=2990&numOfRows=500&type=json&localCode=3120000
2026-04-02 06:42:43,565 [WARNING] Retrying (Retry(total=3, connect=None, read=None, redirect=None, status=None)) after connection broken by 'NameResolutionError("HTTPConnection(host='apis.data.go.kr', port=80): Failed to resolve 'apis.data.go.kr' ([Errno 8] nodename nor servname provided, or not known)")': /1741000/general_restaurants/info?serviceKey=DvyS97s%2FWyCWPJjBU7bvoebRE%2B4lxRphMHewhAcQQrGMPT%2F8PcP0bOCO8bTs2b7H25qViKWruSqim57HphOAjA%3D%3D&pageNo=2989&numOfRows=500&type=json&localCode=3120000
2026-04-02 06:42:43,565 [WARNING] Retrying (Retry(total=3, connect=None, read=None, redirect=None, status=None)) after connection broken by 'NameResolutionError("HTTPConnection(host='apis.data.go.kr', port=80): Failed to resolve 'apis.data.go.kr' ([Errno 8] nodename nor servname provided, or not known)")': /1741000/general_restaurants/info?serviceKey=DvyS97s%2FWyCWPJjBU7bvoebRE%2B4lxRphMHewhAcQQrGMPT%2F8PcP0bOCO8bTs2b7H25qViKWruSqim57HphOAjA%3D%3D&pageNo=2987&numOfRows=500&type=json&localCode=3120000
2026-04-02 06:42:45,765 [WARNING] Retrying (Retry(total=0, connect=None, read=None, redirect=None, status=None)) after connection broken by 'NameResolutionError("HTTPConnection(host='apis.data.go.kr', port=80): Failed to resolve 'apis.data.go.kr' ([Errno 8] nodename nor servname provided, or not known)")': /1741000/general_restaurants/info?serviceKey=DvyS97s%2FWyCWPJjBU7bvoebRE%2B4lxRphMHewhAcQQrGMPT%2F8PcP0bOCO8bTs2b7H25qViKWruSqim57HphOAjA%3D%3D&pageNo=2986&numOfRows=500&type=json&localCode=3120000
2026-04-02 06:42:47,569 [WARNING] Retrying (Retry(total=2, connect=None, read=None, redirect=None, status=None)) after connection broken by 'NameResolutionError("HTTPConnection(host='apis.data.go.kr', port=80): Failed to resolve 'apis.data.go.kr' ([Errno 8] nodename nor servname provided, or not known)")': /1741000/general_restaurants/info?serviceKey=DvyS97s%2FWyCWPJjBU7bvoebRE%2B4lxRphMHewhAcQQrGMPT%2F8PcP0bOCO8bTs2b7H25qViKWruSqim57HphOAjA%3D%3D&pageNo=2988&numOfRows=500&type=json&localCode=3120000
2026-04-02 06:42:47,573 [WARNING] Retrying (Retry(total=2, connect=None, read=None, redirect=None, status=None)) after connection broken by 'NameResolutionError("HTTPConnection(host='apis.data.go.kr', port=80): Failed to resolve 'apis.data.go.kr' ([Errno 8] nodename nor servname provided, or not known)")': /1741000/general_restaurants/info?serviceKey=DvyS97s%2FWyCWPJjBU7bvoebRE%2B4lxRphMHewhAcQQrGMPT%2F8PcP0bOCO8bTs2b7H25qViKWruSqim57HphOAjA%3D%3D&pageNo=2990&numOfRows=500&type=json&localCode=3120000
2026-04-02 06:42:47,578 [WARNING] Retrying (Retry(total=2, connect=None, read=None, redirect=None, status=None)) after connection broken by 'NameResolutionError("HTTPConnection(host='apis.data.go.kr', port=80): Failed to resolve 'apis.data.go.kr' ([Errno 8] nodename nor servname provided, or not known)")': /1741000/general_restaurants/info?serviceKey=DvyS97s%2FWyCWPJjBU7bvoebRE%2B4lxRphMHewhAcQQrGMPT%2F8PcP0bOCO8bTs2b7H25qViKWruSqim57HphOAjA%3D%3D&pageNo=2989&numOfRows=500&type=json&localCode=3120000
2026-04-02 06:42:47,578 [WARNING] Retrying (Retry(total=2, connect=None, read=None, redirect=None, status=None)) after connection broken by 'NameResolutionError("HTTPConnection(host='apis.data.go.kr', port=80): Failed to resolve 'apis.data.go.kr' ([Errno 8] nodename nor servname provided, or not known)")': /1741000/general_restaurants/info?serviceKey=DvyS97s%2FWyCWPJjBU7bvoebRE%2B4lxRphMHewhAcQQrGMPT%2F8PcP0bOCO8bTs2b7H25qViKWruSqim57HphOAjA%3D%3D&pageNo=2987&numOfRows=500&type=json&localCode=3120000
2026-04-02 06:42:55,574 [WARNING] Retrying (Retry(total=1, connect=None, read=None, redirect=None, status=None)) after connection broken by 'NameResolutionError("HTTPConnection(host='apis.data.go.kr', port=80): Failed to resolve 'apis.data.go.kr' ([Errno 8] nodename nor servname provided, or not known)")': /1741000/general_restaurants/info?serviceKey=DvyS97s%2FWyCWPJjBU7bvoebRE%2B4lxRphMHewhAcQQrGMPT%2F8PcP0bOCO8bTs2b7H25qViKWruSqim57HphOAjA%3D%3D&pageNo=2988&numOfRows=500&type=json&localCode=3120000
2026-04-02 06:42:55,582 [WARNING] Retrying (Retry(total=1, connect=None, read=None, redirect=None, status=None)) after connection broken by 'NameResolutionError("HTTPConnection(host='apis.data.go.kr', port=80): Failed to resolve 'apis.data.go.kr' ([Errno 8] nodename nor servname provided, or not known)")': /1741000/general_restaurants/info?serviceKey=DvyS97s%2FWyCWPJjBU7bvoebRE%2B4lxRphMHewhAcQQrGMPT%2F8PcP0bOCO8bTs2b7H25qViKWruSqim57HphOAjA%3D%3D&pageNo=2990&numOfRows=500&type=json&localCode=3120000
2026-04-02 06:42:55,584 [WARNING] Retrying (Retry(total=1, connect=None, read=None, redirect=None, status=None)) after connection broken by 'NameResolutionError("HTTPConnection(host='apis.data.go.kr', port=80): Failed to resolve 'apis.data.go.kr' ([Errno 8] nodename nor servname provided, or not known)")': /1741000/general_restaurants/info?serviceKey=DvyS97s%2FWyCWPJjBU7bvoebRE%2B4lxRphMHewhAcQQrGMPT%2F8PcP0bOCO8bTs2b7H25qViKWruSqim57HphOAjA%3D%3D&pageNo=2989&numOfRows=500&type=json&localCode=3120000
2026-04-02 06:42:55,584 [WARNING] Retrying (Retry(total=1, connect=None, read=None, redirect=None, status=None)) after connection broken by 'NameResolutionError("HTTPConnection(host='apis.data.go.kr', port=80): Failed to resolve 'apis.data.go.kr' ([Errno 8] nodename nor servname provided, or not known)")': /1741000/general_restaurants/info?serviceKey=DvyS97s%2FWyCWPJjBU7bvoebRE%2B4lxRphMHewhAcQQrGMPT%2F8PcP0bOCO8bTs2b7H25qViKWruSqim57HphOAjA%3D%3D&pageNo=2987&numOfRows=500&type=json&localCode=3120000
2026-04-02 06:43:56,110 [WARNING] Retrying (Retry(total=0, connect=None, read=None, redirect=None, status=None)) after connection broken by 'NameResolutionError("HTTPConnection(host='apis.data.go.kr', port=80): Failed to resolve 'apis.data.go.kr' ([Errno 8] nodename nor servname provided, or not known)")': /1741000/general_restaurants/info?serviceKey=DvyS97s%2FWyCWPJjBU7bvoebRE%2B4lxRphMHewhAcQQrGMPT%2F8PcP0bOCO8bTs2b7H25qViKWruSqim57HphOAjA%3D%3D&pageNo=2988&numOfRows=500&type=json&localCode=3120000
2026-04-02 06:43:56,124 [WARNING] Retrying (Retry(total=0, connect=None, read=None, redirect=None, status=None)) after connection broken by 'NameResolutionError("HTTPConnection(host='apis.data.go.kr', port=80): Failed to resolve 'apis.data.go.kr' ([Errno 8] nodename nor servname provided, or not known)")': /1741000/general_restaurants/info?serviceKey=DvyS97s%2FWyCWPJjBU7bvoebRE%2B4lxRphMHewhAcQQrGMPT%2F8PcP0bOCO8bTs2b7H25qViKWruSqim57HphOAjA%3D%3D&pageNo=2990&numOfRows=500&type=json&localCode=3120000
2026-04-02 06:43:56,125 [WARNING] Retrying (Retry(total=0, connect=None, read=None, redirect=None, status=None)) after connection broken by 'NameResolutionError("HTTPConnection(host='apis.data.go.kr', port=80): Failed to resolve 'apis.data.go.kr' ([Errno 8] nodename nor servname provided, or not known)")': /1741000/general_restaurants/info?serviceKey=DvyS97s%2FWyCWPJjBU7bvoebRE%2B4lxRphMHewhAcQQrGMPT%2F8PcP0bOCO8bTs2b7H25qViKWruSqim57HphOAjA%3D%3D&pageNo=2989&numOfRows=500&type=json&localCode=3120000
2026-04-02 06:43:56,127 [WARNING] Retrying (Retry(total=0, connect=None, read=None, redirect=None, status=None)) after connection broken by 'NameResolutionError("HTTPConnection(host='apis.data.go.kr', port=80): Failed to resolve 'apis.data.go.kr' ([Errno 8] nodename nor servname provided, or not known)")': /1741000/general_restaurants/info?serviceKey=DvyS97s%2FWyCWPJjBU7bvoebRE%2B4lxRphMHewhAcQQrGMPT%2F8PcP0bOCO8bTs2b7H25qViKWruSqim57HphOAjA%3D%3D&pageNo=2987&numOfRows=500&type=json&localCode=3120000
2026-04-02 06:43:56,137 [WARNING] Retrying (Retry(total=4, connect=None, read=None, redirect=None, status=None)) after connection broken by 'NameResolutionError("HTTPConnection(host='apis.data.go.kr', port=80): Failed to resolve 'apis.data.go.kr' ([Errno 8] nodename nor servname provided, or not known)")': /1741000/general_restaurants/info?serviceKey=DvyS97s%2FWyCWPJjBU7bvoebRE%2B4lxRphMHewhAcQQrGMPT%2F8PcP0bOCO8bTs2b7H25qViKWruSqim57HphOAjA%3D%3D&pageNo=2992&numOfRows=500&type=json&localCode=3120000
2026-04-02 06:43:56,137 [WARNING] Retrying (Retry(total=4, connect=None, read=None, redirect=None, status=None)) after connection broken by 'NameResolutionError("HTTPConnection(host='apis.data.go.kr', port=80): Failed to resolve 'apis.data.go.kr' ([Errno 8] nodename nor servname provided, or not known)")': /1741000/general_restaurants/info?serviceKey=DvyS97s%2FWyCWPJjBU7bvoebRE%2B4lxRphMHewhAcQQrGMPT%2F8PcP0bOCO8bTs2b7H25qViKWruSqim57HphOAjA%3D%3D&pageNo=2993&numOfRows=500&type=json&localCode=3120000
2026-04-02 06:43:56,137 [WARNING] Retrying (Retry(total=4, connect=None, read=None, redirect=None, status=None)) after connection broken by 'NameResolutionError("HTTPConnection(host='apis.data.go.kr', port=80): Failed to resolve 'apis.data.go.kr' ([Errno 8] nodename nor servname provided, or not known)")': /1741000/general_restaurants/info?serviceKey=DvyS97s%2FWyCWPJjBU7bvoebRE%2B4lxRphMHewhAcQQrGMPT%2F8PcP0bOCO8bTs2b7H25qViKWruSqim57HphOAjA%3D%3D&pageNo=2991&numOfRows=500&type=json&localCode=3120000
2026-04-02 06:43:56,137 [WARNING] Retrying (Retry(total=4, connect=None, read=None, redirect=None, status=None)) after connection broken by 'NameResolutionError("HTTPConnection(host='apis.data.go.kr', port=80): Failed to resolve 'apis.data.go.kr' ([Errno 8] nodename nor servname provided, or not known)")': /1741000/general_restaurants/info?serviceKey=DvyS97s%2FWyCWPJjBU7bvoebRE%2B4lxRphMHewhAcQQrGMPT%2F8PcP0bOCO8bTs2b7H25qViKWruSqim57HphOAjA%3D%3D&pageNo=2994&numOfRows=500&type=json&localCode=3120000
2026-04-02 06:43:56,138 [WARNING] Retrying (Retry(total=4, connect=None, read=None, redirect=None, status=None)) after connection broken by 'NameResolutionError("HTTPConnection(host='apis.data.go.kr', port=80): Failed to resolve 'apis.data.go.kr' ([Errno 8] nodename nor servname provided, or not known)")': /1741000/general_restaurants/info?serviceKey=DvyS97s%2FWyCWPJjBU7bvoebRE%2B4lxRphMHewhAcQQrGMPT%2F8PcP0bOCO8bTs2b7H25qViKWruSqim57HphOAjA%3D%3D&pageNo=2995&numOfRows=500&type=json&localCode=3120000
2026-04-02 06:43:58,142 [WARNING] Retrying (Retry(total=3, connect=None, read=None, redirect=None, status=None)) after connection broken by 'NameResolutionError("HTTPConnection(host='apis.data.go.kr', port=80): Failed to resolve 'apis.data.go.kr' ([Errno 8] nodename nor servname provided, or not known)")': /1741000/general_restaurants/info?serviceKey=DvyS97s%2FWyCWPJjBU7bvoebRE%2B4lxRphMHewhAcQQrGMPT%2F8PcP0bOCO8bTs2b7H25qViKWruSqim57HphOAjA%3D%3D&pageNo=2993&numOfRows=500&type=json&localCode=3120000
2026-04-02 06:43:58,142 [WARNING] Retrying (Retry(total=3, connect=None, read=None, redirect=None, status=None)) after connection broken by 'NameResolutionError("HTTPConnection(host='apis.data.go.kr', port=80): Failed to resolve 'apis.data.go.kr' ([Errno 8] nodename nor servname provided, or not known)")': /1741000/general_restaurants/info?serviceKey=DvyS97s%2FWyCWPJjBU7bvoebRE%2B4lxRphMHewhAcQQrGMPT%2F8PcP0bOCO8bTs2b7H25qViKWruSqim57HphOAjA%3D%3D&pageNo=2995&numOfRows=500&type=json&localCode=3120000
2026-04-02 06:43:58,143 [WARNING] Retrying (Retry(total=3, connect=None, read=None, redirect=None, status=None)) after connection broken by 'NameResolutionError("HTTPConnection(host='apis.data.go.kr', port=80): Failed to resolve 'apis.data.go.kr' ([Errno 8] nodename nor servname provided, or not known)")': /1741000/general_restaurants/info?serviceKey=DvyS97s%2FWyCWPJjBU7bvoebRE%2B4lxRphMHewhAcQQrGMPT%2F8PcP0bOCO8bTs2b7H25qViKWruSqim57HphOAjA%3D%3D&pageNo=2991&numOfRows=500&type=json&localCode=3120000
2026-04-02 06:43:58,143 [WARNING] Retrying (Retry(total=3, connect=None, read=None, redirect=None, status=None)) after connection broken by 'NameResolutionError("HTTPConnection(host='apis.data.go.kr', port=80): Failed to resolve 'apis.data.go.kr' ([Errno 8] nodename nor servname provided, or not known)")': /1741000/general_restaurants/info?serviceKey=DvyS97s%2FWyCWPJjBU7bvoebRE%2B4lxRphMHewhAcQQrGMPT%2F8PcP0bOCO8bTs2b7H25qViKWruSqim57HphOAjA%3D%3D&pageNo=2994&numOfRows=500&type=json&localCode=3120000
2026-04-02 06:43:58,143 [WARNING] Retrying (Retry(total=3, connect=None, read=None, redirect=None, status=None)) after connection broken by 'NameResolutionError("HTTPConnection(host='apis.data.go.kr', port=80): Failed to resolve 'apis.data.go.kr' ([Errno 8] nodename nor servname provided, or not known)")': /1741000/general_restaurants/info?serviceKey=DvyS97s%2FWyCWPJjBU7bvoebRE%2B4lxRphMHewhAcQQrGMPT%2F8PcP0bOCO8bTs2b7H25qViKWruSqim57HphOAjA%3D%3D&pageNo=2992&numOfRows=500&type=json&localCode=3120000
2026-04-02 06:44:02,151 [WARNING] Retrying (Retry(total=2, connect=None, read=None, redirect=None, status=None)) after connection broken by 'NameResolutionError("HTTPConnection(host='apis.data.go.kr', port=80): Failed to resolve 'apis.data.go.kr' ([Errno 8] nodename nor servname provided, or not known)")': /1741000/general_restaurants/info?serviceKey=DvyS97s%2FWyCWPJjBU7bvoebRE%2B4lxRphMHewhAcQQrGMPT%2F8PcP0bOCO8bTs2b7H25qViKWruSqim57HphOAjA%3D%3D&pageNo=2995&numOfRows=500&type=json&localCode=3120000
2026-04-02 06:44:02,153 [WARNING] Retrying (Retry(total=2, connect=None, read=None, redirect=None, status=None)) after connection broken by 'NameResolutionError("HTTPConnection(host='apis.data.go.kr', port=80): Failed to resolve 'apis.data.go.kr' ([Errno 8] nodename nor servname provided, or not known)")': /1741000/general_restaurants/info?serviceKey=DvyS97s%2FWyCWPJjBU7bvoebRE%2B4lxRphMHewhAcQQrGMPT%2F8PcP0bOCO8bTs2b7H25qViKWruSqim57HphOAjA%3D%3D&pageNo=2994&numOfRows=500&type=json&localCode=3120000
2026-04-02 06:44:02,153 [WARNING] Retrying (Retry(total=2, connect=None, read=None, redirect=None, status=None)) after connection broken by 'NameResolutionError("HTTPConnection(host='apis.data.go.kr', port=80): Failed to resolve 'apis.data.go.kr' ([Errno 8] nodename nor servname provided, or not known)")': /1741000/general_restaurants/info?serviceKey=DvyS97s%2FWyCWPJjBU7bvoebRE%2B4lxRphMHewhAcQQrGMPT%2F8PcP0bOCO8bTs2b7H25qViKWruSqim57HphOAjA%3D%3D&pageNo=2992&numOfRows=500&type=json&localCode=3120000
2026-04-02 06:44:02,153 [WARNING] Retrying (Retry(total=2, connect=None, read=None, redirect=None, status=None)) after connection broken by 'NameResolutionError("HTTPConnection(host='apis.data.go.kr', port=80): Failed to resolve 'apis.data.go.kr' ([Errno 8] nodename nor servname provided, or not known)")': /1741000/general_restaurants/info?serviceKey=DvyS97s%2FWyCWPJjBU7bvoebRE%2B4lxRphMHewhAcQQrGMPT%2F8PcP0bOCO8bTs2b7H25qViKWruSqim57HphOAjA%3D%3D&pageNo=2993&numOfRows=500&type=json&localCode=3120000
2026-04-02 06:44:02,154 [WARNING] Retrying (Retry(total=2, connect=None, read=None, redirect=None, status=None)) after connection broken by 'NameResolutionError("HTTPConnection(host='apis.data.go.kr', port=80): Failed to resolve 'apis.data.go.kr' ([Errno 8] nodename nor servname provided, or not known)")': /1741000/general_restaurants/info?serviceKey=DvyS97s%2FWyCWPJjBU7bvoebRE%2B4lxRphMHewhAcQQrGMPT%2F8PcP0bOCO8bTs2b7H25qViKWruSqim57HphOAjA%3D%3D&pageNo=2991&numOfRows=500&type=json&localCode=3120000
2026-04-02 06:44:10,164 [WARNING] Retrying (Retry(total=1, connect=None, read=None, redirect=None, status=None)) after connection broken by 'NameResolutionError("HTTPConnection(host='apis.data.go.kr', port=80): Failed to resolve 'apis.data.go.kr' ([Errno 8] nodename nor servname provided, or not known)")': /1741000/general_restaurants/info?serviceKey=DvyS97s%2FWyCWPJjBU7bvoebRE%2B4lxRphMHewhAcQQrGMPT%2F8PcP0bOCO8bTs2b7H25qViKWruSqim57HphOAjA%3D%3D&pageNo=2995&numOfRows=500&type=json&localCode=3120000
2026-04-02 06:44:10,164 [WARNING] Retrying (Retry(total=1, connect=None, read=None, redirect=None, status=None)) after connection broken by 'NameResolutionError("HTTPConnection(host='apis.data.go.kr', port=80): Failed to resolve 'apis.data.go.kr' ([Errno 8] nodename nor servname provided, or not known)")': /1741000/general_restaurants/info?serviceKey=DvyS97s%2FWyCWPJjBU7bvoebRE%2B4lxRphMHewhAcQQrGMPT%2F8PcP0bOCO8bTs2b7H25qViKWruSqim57HphOAjA%3D%3D&pageNo=2993&numOfRows=500&type=json&localCode=3120000
2026-04-02 06:44:10,164 [WARNING] Retrying (Retry(total=1, connect=None, read=None, redirect=None, status=None)) after connection broken by 'NameResolutionError("HTTPConnection(host='apis.data.go.kr', port=80): Failed to resolve 'apis.data.go.kr' ([Errno 8] nodename nor servname provided, or not known)")': /1741000/general_restaurants/info?serviceKey=DvyS97s%2FWyCWPJjBU7bvoebRE%2B4lxRphMHewhAcQQrGMPT%2F8PcP0bOCO8bTs2b7H25qViKWruSqim57HphOAjA%3D%3D&pageNo=2994&numOfRows=500&type=json&localCode=3120000
2026-04-02 06:44:10,164 [WARNING] Retrying (Retry(total=1, connect=None, read=None, redirect=None, status=None)) after connection broken by 'NameResolutionError("HTTPConnection(host='apis.data.go.kr', port=80): Failed to resolve 'apis.data.go.kr' ([Errno 8] nodename nor servname provided, or not known)")': /1741000/general_restaurants/info?serviceKey=DvyS97s%2FWyCWPJjBU7bvoebRE%2B4lxRphMHewhAcQQrGMPT%2F8PcP0bOCO8bTs2b7H25qViKWruSqim57HphOAjA%3D%3D&pageNo=2991&numOfRows=500&type=json&localCode=3120000
2026-04-02 06:44:10,165 [WARNING] Retrying (Retry(total=1, connect=None, read=None, redirect=None, status=None)) after connection broken by 'NameResolutionError("HTTPConnection(host='apis.data.go.kr', port=80): Failed to resolve 'apis.data.go.kr' ([Errno 8] nodename nor servname provided, or not known)")': /1741000/general_restaurants/info?serviceKey=DvyS97s%2FWyCWPJjBU7bvoebRE%2B4lxRphMHewhAcQQrGMPT%2F8PcP0bOCO8bTs2b7H25qViKWruSqim57HphOAjA%3D%3D&pageNo=2992&numOfRows=500&type=json&localCode=3120000
2026-04-02 06:44:26,171 [WARNING] Retrying (Retry(total=0, connect=None, read=None, redirect=None, status=None)) after connection broken by 'NameResolutionError("HTTPConnection(host='apis.data.go.kr', port=80): Failed to resolve 'apis.data.go.kr' ([Errno 8] nodename nor servname provided, or not known)")': /1741000/general_restaurants/info?serviceKey=DvyS97s%2FWyCWPJjBU7bvoebRE%2B4lxRphMHewhAcQQrGMPT%2F8PcP0bOCO8bTs2b7H25qViKWruSqim57HphOAjA%3D%3D&pageNo=2993&numOfRows=500&type=json&localCode=3120000
2026-04-02 06:44:26,172 [WARNING] Retrying (Retry(total=0, connect=None, read=None, redirect=None, status=None)) after connection broken by 'NameResolutionError("HTTPConnection(host='apis.data.go.kr', port=80): Failed to resolve 'apis.data.go.kr' ([Errno 8] nodename nor servname provided, or not known)")': /1741000/general_restaurants/info?serviceKey=DvyS97s%2FWyCWPJjBU7bvoebRE%2B4lxRphMHewhAcQQrGMPT%2F8PcP0bOCO8bTs2b7H25qViKWruSqim57HphOAjA%3D%3D&pageNo=2991&numOfRows=500&type=json&localCode=3120000
2026-04-02 06:44:26,173 [WARNING] Retrying (Retry(total=0, connect=None, read=None, redirect=None, status=None)) after connection broken by 'NameResolutionError("HTTPConnection(host='apis.data.go.kr', port=80): Failed to resolve 'apis.data.go.kr' ([Errno 8] nodename nor servname provided, or not known)")': /1741000/general_restaurants/info?serviceKey=DvyS97s%2FWyCWPJjBU7bvoebRE%2B4lxRphMHewhAcQQrGMPT%2F8PcP0bOCO8bTs2b7H25qViKWruSqim57HphOAjA%3D%3D&pageNo=2995&numOfRows=500&type=json&localCode=3120000
2026-04-02 06:44:26,178 [WARNING] Retrying (Retry(total=0, connect=None, read=None, redirect=None, status=None)) after connection broken by 'NameResolutionError("HTTPConnection(host='apis.data.go.kr', port=80): Failed to resolve 'apis.data.go.kr' ([Errno 8] nodename nor servname provided, or not known)")': /1741000/general_restaurants/info?serviceKey=DvyS97s%2FWyCWPJjBU7bvoebRE%2B4lxRphMHewhAcQQrGMPT%2F8PcP0bOCO8bTs2b7H25qViKWruSqim57HphOAjA%3D%3D&pageNo=2992&numOfRows=500&type=json&localCode=3120000
2026-04-02 06:44:26,179 [WARNING] Retrying (Retry(total=0, connect=None, read=None, redirect=None, status=None)) after connection broken by 'NameResolutionError("HTTPConnection(host='apis.data.go.kr', port=80): Failed to resolve 'apis.data.go.kr' ([Errno 8] nodename nor servname provided, or not known)")': /1741000/general_restaurants/info?serviceKey=DvyS97s%2FWyCWPJjBU7bvoebRE%2B4lxRphMHewhAcQQrGMPT%2F8PcP0bOCO8bTs2b7H25qViKWruSqim57HphOAjA%3D%3D&pageNo=2994&numOfRows=500&type=json&localCode=3120000
2026-04-02 06:44:26,189 [WARNING] Retrying (Retry(total=4, connect=None, read=None, redirect=None, status=None)) after connection broken by 'NameResolutionError("HTTPConnection(host='apis.data.go.kr', port=80): Failed to resolve 'apis.data.go.kr' ([Errno 8] nodename nor servname provided, or not known)")': /1741000/general_restaurants/info?serviceKey=DvyS97s%2FWyCWPJjBU7bvoebRE%2B4lxRphMHewhAcQQrGMPT%2F8PcP0bOCO8bTs2b7H25qViKWruSqim57HphOAjA%3D%3D&pageNo=2998&numOfRows=500&type=json&localCode=3120000
2026-04-02 06:44:26,189 [WARNING] Retrying (Retry(total=4, connect=None, read=None, redirect=None, status=None)) after connection broken by 'NameResolutionError("HTTPConnection(host='apis.data.go.kr', port=80): Failed to resolve 'apis.data.go.kr' ([Errno 8] nodename nor servname provided, or not known)")': /1741000/general_restaurants/info?serviceKey=DvyS97s%2FWyCWPJjBU7bvoebRE%2B4lxRphMHewhAcQQrGMPT%2F8PcP0bOCO8bTs2b7H25qViKWruSqim57HphOAjA%3D%3D&pageNo=2997&numOfRows=500&type=json&localCode=3120000
2026-04-02 06:44:26,190 [WARNING] Retrying (Retry(total=4, connect=None, read=None, redirect=None, status=None)) after connection broken by 'NameResolutionError("HTTPConnection(host='apis.data.go.kr', port=80): Failed to resolve 'apis.data.go.kr' ([Errno 8] nodename nor servname provided, or not known)")': /1741000/general_restaurants/info?serviceKey=DvyS97s%2FWyCWPJjBU7bvoebRE%2B4lxRphMHewhAcQQrGMPT%2F8PcP0bOCO8bTs2b7H25qViKWruSqim57HphOAjA%3D%3D&pageNo=2996&numOfRows=500&type=json&localCode=3120000
2026-04-02 06:44:26,191 [WARNING] Retrying (Retry(total=4, connect=None, read=None, redirect=None, status=None)) after connection broken by 'NameResolutionError("HTTPConnection(host='apis.data.go.kr', port=80): Failed to resolve 'apis.data.go.kr' ([Errno 8] nodename nor servname provided, or not known)")': /1741000/general_restaurants/info?serviceKey=DvyS97s%2FWyCWPJjBU7bvoebRE%2B4lxRphMHewhAcQQrGMPT%2F8PcP0bOCO8bTs2b7H25qViKWruSqim57HphOAjA%3D%3D&pageNo=3000&numOfRows=500&type=json&localCode=3120000
2026-04-02 06:44:26,192 [WARNING] Retrying (Retry(total=4, connect=None, read=None, redirect=None, status=None)) after connection broken by 'NameResolutionError("HTTPConnection(host='apis.data.go.kr', port=80): Failed to resolve 'apis.data.go.kr' ([Errno 8] nodename nor servname provided, or not known)")': /1741000/general_restaurants/info?serviceKey=DvyS97s%2FWyCWPJjBU7bvoebRE%2B4lxRphMHewhAcQQrGMPT%2F8PcP0bOCO8bTs2b7H25qViKWruSqim57HphOAjA%3D%3D&pageNo=2999&numOfRows=500&type=json&localCode=3120000
2026-04-02 06:44:28,196 [WARNING] Retrying (Retry(total=3, connect=None, read=None, redirect=None, status=None)) after connection broken by 'NameResolutionError("HTTPConnection(host='apis.data.go.kr', port=80): Failed to resolve 'apis.data.go.kr' ([Errno 8] nodename nor servname provided, or not known)")': /1741000/general_restaurants/info?serviceKey=DvyS97s%2FWyCWPJjBU7bvoebRE%2B4lxRphMHewhAcQQrGMPT%2F8PcP0bOCO8bTs2b7H25qViKWruSqim57HphOAjA%3D%3D&pageNo=2998&numOfRows=500&type=json&localCode=3120000
2026-04-02 06:44:28,196 [WARNING] Retrying (Retry(total=3, connect=None, read=None, redirect=None, status=None)) after connection broken by 'NameResolutionError("HTTPConnection(host='apis.data.go.kr', port=80): Failed to resolve 'apis.data.go.kr' ([Errno 8] nodename nor servname provided, or not known)")': /1741000/general_restaurants/info?serviceKey=DvyS97s%2FWyCWPJjBU7bvoebRE%2B4lxRphMHewhAcQQrGMPT%2F8PcP0bOCO8bTs2b7H25qViKWruSqim57HphOAjA%3D%3D&pageNo=2996&numOfRows=500&type=json&localCode=3120000
2026-04-02 06:44:28,196 [WARNING] Retrying (Retry(total=3, connect=None, read=None, redirect=None, status=None)) after connection broken by 'NameResolutionError("HTTPConnection(host='apis.data.go.kr', port=80): Failed to resolve 'apis.data.go.kr' ([Errno 8] nodename nor servname provided, or not known)")': /1741000/general_restaurants/info?serviceKey=DvyS97s%2FWyCWPJjBU7bvoebRE%2B4lxRphMHewhAcQQrGMPT%2F8PcP0bOCO8bTs2b7H25qViKWruSqim57HphOAjA%3D%3D&pageNo=2999&numOfRows=500&type=json&localCode=3120000
2026-04-02 06:44:28,196 [WARNING] Retrying (Retry(total=3, connect=None, read=None, redirect=None, status=None)) after connection broken by 'NameResolutionError("HTTPConnection(host='apis.data.go.kr', port=80): Failed to resolve 'apis.data.go.kr' ([Errno 8] nodename nor servname provided, or not known)")': /1741000/general_restaurants/info?serviceKey=DvyS97s%2FWyCWPJjBU7bvoebRE%2B4lxRphMHewhAcQQrGMPT%2F8PcP0bOCO8bTs2b7H25qViKWruSqim57HphOAjA%3D%3D&pageNo=2997&numOfRows=500&type=json&localCode=3120000
2026-04-02 06:44:28,196 [WARNING] Retrying (Retry(total=3, connect=None, read=None, redirect=None, status=None)) after connection broken by 'NameResolutionError("HTTPConnection(host='apis.data.go.kr', port=80): Failed to resolve 'apis.data.go.kr' ([Errno 8] nodename nor servname provided, or not known)")': /1741000/general_restaurants/info?serviceKey=DvyS97s%2FWyCWPJjBU7bvoebRE%2B4lxRphMHewhAcQQrGMPT%2F8PcP0bOCO8bTs2b7H25qViKWruSqim57HphOAjA%3D%3D&pageNo=3000&numOfRows=500&type=json&localCode=3120000
2026-04-02 06:46:08,136 [WARNING] Retrying (Retry(total=2, connect=None, read=None, redirect=None, status=None)) after connection broken by 'NameResolutionError("HTTPConnection(host='apis.data.go.kr', port=80): Failed to resolve 'apis.data.go.kr' ([Errno 8] nodename nor servname provided, or not known)")': /1741000/general_restaurants/info?serviceKey=DvyS97s%2FWyCWPJjBU7bvoebRE%2B4lxRphMHewhAcQQrGMPT%2F8PcP0bOCO8bTs2b7H25qViKWruSqim57HphOAjA%3D%3D&pageNo=2996&numOfRows=500&type=json&localCode=3120000
2026-04-02 06:46:08,136 [WARNING] Retrying (Retry(total=2, connect=None, read=None, redirect=None, status=None)) after connection broken by 'NameResolutionError("HTTPConnection(host='apis.data.go.kr', port=80): Failed to resolve 'apis.data.go.kr' ([Errno 8] nodename nor servname provided, or not known)")': /1741000/general_restaurants/info?serviceKey=DvyS97s%2FWyCWPJjBU7bvoebRE%2B4lxRphMHewhAcQQrGMPT%2F8PcP0bOCO8bTs2b7H25qViKWruSqim57HphOAjA%3D%3D&pageNo=2998&numOfRows=500&type=json&localCode=3120000
2026-04-02 06:46:08,139 [WARNING] Retrying (Retry(total=2, connect=None, read=None, redirect=None, status=None)) after connection broken by 'NameResolutionError("HTTPConnection(host='apis.data.go.kr', port=80): Failed to resolve 'apis.data.go.kr' ([Errno 8] nodename nor servname provided, or not known)")': /1741000/general_restaurants/info?serviceKey=DvyS97s%2FWyCWPJjBU7bvoebRE%2B4lxRphMHewhAcQQrGMPT%2F8PcP0bOCO8bTs2b7H25qViKWruSqim57HphOAjA%3D%3D&pageNo=2999&numOfRows=500&type=json&localCode=3120000
2026-04-02 06:46:08,139 [WARNING] Retrying (Retry(total=2, connect=None, read=None, redirect=None, status=None)) after connection broken by 'NameResolutionError("HTTPConnection(host='apis.data.go.kr', port=80): Failed to resolve 'apis.data.go.kr' ([Errno 8] nodename nor servname provided, or not known)")': /1741000/general_restaurants/info?serviceKey=DvyS97s%2FWyCWPJjBU7bvoebRE%2B4lxRphMHewhAcQQrGMPT%2F8PcP0bOCO8bTs2b7H25qViKWruSqim57HphOAjA%3D%3D&pageNo=2997&numOfRows=500&type=json&localCode=3120000
2026-04-02 06:46:08,139 [WARNING] Retrying (Retry(total=2, connect=None, read=None, redirect=None, status=None)) after connection broken by 'NameResolutionError("HTTPConnection(host='apis.data.go.kr', port=80): Failed to resolve 'apis.data.go.kr' ([Errno 8] nodename nor servname provided, or not known)")': /1741000/general_restaurants/info?serviceKey=DvyS97s%2FWyCWPJjBU7bvoebRE%2B4lxRphMHewhAcQQrGMPT%2F8PcP0bOCO8bTs2b7H25qViKWruSqim57HphOAjA%3D%3D&pageNo=3000&numOfRows=500&type=json&localCode=3120000
2026-04-02 06:46:16,147 [WARNING] Retrying (Retry(total=1, connect=None, read=None, redirect=None, status=None)) after connection broken by 'NameResolutionError("HTTPConnection(host='apis.data.go.kr', port=80): Failed to resolve 'apis.data.go.kr' ([Errno 8] nodename nor servname provided, or not known)")': /1741000/general_restaurants/info?serviceKey=DvyS97s%2FWyCWPJjBU7bvoebRE%2B4lxRphMHewhAcQQrGMPT%2F8PcP0bOCO8bTs2b7H25qViKWruSqim57HphOAjA%3D%3D&pageNo=2996&numOfRows=500&type=json&localCode=3120000
2026-04-02 06:46:16,152 [WARNING] Retrying (Retry(total=1, connect=None, read=None, redirect=None, status=None)) after connection broken by 'NameResolutionError("HTTPConnection(host='apis.data.go.kr', port=80): Failed to resolve 'apis.data.go.kr' ([Errno 8] nodename nor servname provided, or not known)")': /1741000/general_restaurants/info?serviceKey=DvyS97s%2FWyCWPJjBU7bvoebRE%2B4lxRphMHewhAcQQrGMPT%2F8PcP0bOCO8bTs2b7H25qViKWruSqim57HphOAjA%3D%3D&pageNo=2998&numOfRows=500&type=json&localCode=3120000
2026-04-02 06:46:16,152 [WARNING] Retrying (Retry(total=1, connect=None, read=None, redirect=None, status=None)) after connection broken by 'NameResolutionError("HTTPConnection(host='apis.data.go.kr', port=80): Failed to resolve 'apis.data.go.kr' ([Errno 8] nodename nor servname provided, or not known)")': /1741000/general_restaurants/info?serviceKey=DvyS97s%2FWyCWPJjBU7bvoebRE%2B4lxRphMHewhAcQQrGMPT%2F8PcP0bOCO8bTs2b7H25qViKWruSqim57HphOAjA%3D%3D&pageNo=3000&numOfRows=500&type=json&localCode=3120000
2026-04-02 06:46:16,152 [WARNING] Retrying (Retry(total=1, connect=None, read=None, redirect=None, status=None)) after connection broken by 'NameResolutionError("HTTPConnection(host='apis.data.go.kr', port=80): Failed to resolve 'apis.data.go.kr' ([Errno 8] nodename nor servname provided, or not known)")': /1741000/general_restaurants/info?serviceKey=DvyS97s%2FWyCWPJjBU7bvoebRE%2B4lxRphMHewhAcQQrGMPT%2F8PcP0bOCO8bTs2b7H25qViKWruSqim57HphOAjA%3D%3D&pageNo=2997&numOfRows=500&type=json&localCode=3120000
2026-04-02 06:46:16,152 [WARNING] Retrying (Retry(total=1, connect=None, read=None, redirect=None, status=None)) after connection broken by 'NameResolutionError("HTTPConnection(host='apis.data.go.kr', port=80): Failed to resolve 'apis.data.go.kr' ([Errno 8] nodename nor servname provided, or not known)")': /1741000/general_restaurants/info?serviceKey=DvyS97s%2FWyCWPJjBU7bvoebRE%2B4lxRphMHewhAcQQrGMPT%2F8PcP0bOCO8bTs2b7H25qViKWruSqim57HphOAjA%3D%3D&pageNo=2999&numOfRows=500&type=json&localCode=3120000
2026-04-02 06:46:32,179 [WARNING] Retrying (Retry(total=0, connect=None, read=None, redirect=None, status=None)) after connection broken by 'NameResolutionError("HTTPConnection(host='apis.data.go.kr', port=80): Failed to resolve 'apis.data.go.kr' ([Errno 8] nodename nor servname provided, or not known)")': /1741000/general_restaurants/info?serviceKey=DvyS97s%2FWyCWPJjBU7bvoebRE%2B4lxRphMHewhAcQQrGMPT%2F8PcP0bOCO8bTs2b7H25qViKWruSqim57HphOAjA%3D%3D&pageNo=2998&numOfRows=500&type=json&localCode=3120000
2026-04-02 06:46:32,179 [WARNING] Retrying (Retry(total=0, connect=None, read=None, redirect=None, status=None)) after connection broken by 'NameResolutionError("HTTPConnection(host='apis.data.go.kr', port=80): Failed to resolve 'apis.data.go.kr' ([Errno 8] nodename nor servname provided, or not known)")': /1741000/general_restaurants/info?serviceKey=DvyS97s%2FWyCWPJjBU7bvoebRE%2B4lxRphMHewhAcQQrGMPT%2F8PcP0bOCO8bTs2b7H25qViKWruSqim57HphOAjA%3D%3D&pageNo=3000&numOfRows=500&type=json&localCode=3120000
2026-04-02 06:46:32,179 [WARNING] Retrying (Retry(total=0, connect=None, read=None, redirect=None, status=None)) after connection broken by 'NameResolutionError("HTTPConnection(host='apis.data.go.kr', port=80): Failed to resolve 'apis.data.go.kr' ([Errno 8] nodename nor servname provided, or not known)")': /1741000/general_restaurants/info?serviceKey=DvyS97s%2FWyCWPJjBU7bvoebRE%2B4lxRphMHewhAcQQrGMPT%2F8PcP0bOCO8bTs2b7H25qViKWruSqim57HphOAjA%3D%3D&pageNo=2996&numOfRows=500&type=json&localCode=3120000
2026-04-02 06:46:32,180 [WARNING] Retrying (Retry(total=0, connect=None, read=None, redirect=None, status=None)) after connection broken by 'NameResolutionError("HTTPConnection(host='apis.data.go.kr', port=80): Failed to resolve 'apis.data.go.kr' ([Errno 8] nodename nor servname provided, or not known)")': /1741000/general_restaurants/info?serviceKey=DvyS97s%2FWyCWPJjBU7bvoebRE%2B4lxRphMHewhAcQQrGMPT%2F8PcP0bOCO8bTs2b7H25qViKWruSqim57HphOAjA%3D%3D&pageNo=2999&numOfRows=500&type=json&localCode=3120000
2026-04-02 06:46:32,180 [WARNING] Retrying (Retry(total=0, connect=None, read=None, redirect=None, status=None)) after connection broken by 'NameResolutionError("HTTPConnection(host='apis.data.go.kr', port=80): Failed to resolve 'apis.data.go.kr' ([Errno 8] nodename nor servname provided, or not known)")': /1741000/general_restaurants/info?serviceKey=DvyS97s%2FWyCWPJjBU7bvoebRE%2B4lxRphMHewhAcQQrGMPT%2F8PcP0bOCO8bTs2b7H25qViKWruSqim57HphOAjA%3D%3D&pageNo=2997&numOfRows=500&type=json&localCode=3120000
2026-04-02 07:10:36,874 [INFO] 📅 수집 대상 날짜 (1일분 - 평일만): ['2026-03-30']
2026-04-02 07:10:36,875 [INFO] 📍 대상 시군구 코드 로드 완료: 10개
2026-04-02 07:10:39,040 [INFO] 🚀 [2026-03-30] 데이터 수집 시작
2026-04-02 07:12:11,621 [INFO] 📅 수집 대상 날짜 (2일분 - 평일만): ['2026-03-31', '2026-03-30']
2026-04-02 07:12:11,622 [INFO] 📍 대상 시군구 코드 로드 완료: 10개
2026-04-02 07:12:13,034 [INFO] 🚀 [2026-03-31] 데이터 수집 시작
2026-04-02 07:19:20,273 [ERROR] 💥 Error: Cannot save file into a non-existent directory: '/Users/heebonpark/Downloads/field-sales-assistant-main-(배포-자동api)_0331/일일데이터 공공데이터포털_API 가져오기/TEMP_BATCH_WORK/20260330'
Traceback (most recent call last):
  File "/Users/heebonpark/Downloads/field-sales-assistant-main-(배포-자동api)_0331/일일데이터 공공데이터포털_API 가져오기/daily_fetch.py", line 213, in main
    df_daily.to_csv(out_path, index=False, encoding='cp949')
  File "/Library/Frameworks/Python.framework/Versions/3.12/lib/python3.12/site-packages/pandas/util/_decorators.py", line 333, in wrapper
    return func(*args, **kwargs)
           ^^^^^^^^^^^^^^^^^^^^^
  File "/Library/Frameworks/Python.framework/Versions/3.12/lib/python3.12/site-packages/pandas/core/generic.py", line 3967, in to_csv
    return DataFrameRenderer(formatter).to_csv(
           ^^^^^^^^^^^^^^^^^^^^^^^^^^^^^^^^^^^^
  File "/Library/Frameworks/Python.framework/Versions/3.12/lib/python3.12/site-packages/pandas/io/formats/format.py", line 1014, in to_csv
    csv_formatter.save()
  File "/Library/Frameworks/Python.framework/Versions/3.12/lib/python3.12/site-packages/pandas/io/formats/csvs.py", line 251, in save
    with get_handle(
         ^^^^^^^^^^^
  File "/Library/Frameworks/Python.framework/Versions/3.12/lib/python3.12/site-packages/pandas/io/common.py", line 749, in get_handle
    check_parent_directory(str(handle))
  File "/Library/Frameworks/Python.framework/Versions/3.12/lib/python3.12/site-packages/pandas/io/common.py", line 616, in check_parent_directory
    raise OSError(rf"Cannot save file into a non-existent directory: '{parent}'")
OSError: Cannot save file into a non-existent directory: '/Users/heebonpark/Downloads/field-sales-assistant-main-(배포-자동api)_0331/일일데이터 공공데이터포털_API 가져오기/TEMP_BATCH_WORK/20260330'
2026-04-02 07:24:46,732 [INFO] 📅 수집 대상 날짜 (2일분 - 평일만): ['2026-03-31', '2026-03-30']
2026-04-02 07:24:46,733 [INFO] 📍 대상 시군구 코드 로드 완료: 10개
2026-04-02 07:24:48,320 [INFO] 🚀 [2026-03-31] 데이터 수집 시작
2026-04-02 08:25:14,944 [WARNING] Retrying (Retry(total=2, connect=None, read=None, redirect=None, status=None)) after connection broken by 'ReadTimeoutError("HTTPConnectionPool(host='apis.data.go.kr', port=80): Read timed out. (read timeout=180)")': /1741000/general_restaurants/info?serviceKey=DvyS97s%2FWyCWPJjBU7bvoebRE%2B4lxRphMHewhAcQQrGMPT%2F8PcP0bOCO8bTs2b7H25qViKWruSqim57HphOAjA%3D%3D&pageNo=3296&numOfRows=500&type=json&localCode=3120000
2026-04-02 08:25:17,995 [WARNING] Retrying (Retry(total=2, connect=None, read=None, redirect=None, status=None)) after connection broken by 'ReadTimeoutError("HTTPConnectionPool(host='apis.data.go.kr', port=80): Read timed out. (read timeout=180)")': /1741000/general_restaurants/info?serviceKey=DvyS97s%2FWyCWPJjBU7bvoebRE%2B4lxRphMHewhAcQQrGMPT%2F8PcP0bOCO8bTs2b7H25qViKWruSqim57HphOAjA%3D%3D&pageNo=3300&numOfRows=500&type=json&localCode=3120000
2026-04-02 08:25:18,135 [WARNING] Retrying (Retry(total=2, connect=None, read=None, redirect=None, status=None)) after connection broken by 'ReadTimeoutError("HTTPConnectionPool(host='apis.data.go.kr', port=80): Read timed out. (read timeout=180)")': /1741000/general_restaurants/info?serviceKey=DvyS97s%2FWyCWPJjBU7bvoebRE%2B4lxRphMHewhAcQQrGMPT%2F8PcP0bOCO8bTs2b7H25qViKWruSqim57HphOAjA%3D%3D&pageNo=3298&numOfRows=500&type=json&localCode=3120000
2026-04-02 08:25:18,204 [WARNING] Retrying (Retry(total=2, connect=None, read=None, redirect=None, status=None)) after connection broken by 'ReadTimeoutError("HTTPConnectionPool(host='apis.data.go.kr', port=80): Read timed out. (read timeout=180)")': /1741000/general_restaurants/info?serviceKey=DvyS97s%2FWyCWPJjBU7bvoebRE%2B4lxRphMHewhAcQQrGMPT%2F8PcP0bOCO8bTs2b7H25qViKWruSqim57HphOAjA%3D%3D&pageNo=3299&numOfRows=500&type=json&localCode=3120000
2026-04-02 08:25:24,400 [WARNING] Retrying (Retry(total=4, connect=None, read=None, redirect=None, status=None)) after connection broken by 'ReadTimeoutError("HTTPConnectionPool(host='apis.data.go.kr', port=80): Read timed out. (read timeout=180)")': /1741000/pharmacies/info?serviceKey=DvyS97s%2FWyCWPJjBU7bvoebRE%2B4lxRphMHewhAcQQrGMPT%2F8PcP0bOCO8bTs2b7H25qViKWruSqim57HphOAjA%3D%3D&pageNo=50&numOfRows=500&type=json&localCode=3990000
2026-04-02 08:25:24,405 [WARNING] Retrying (Retry(total=4, connect=None, read=None, redirect=None, status=None)) after connection broken by 'ReadTimeoutError("HTTPConnectionPool(host='apis.data.go.kr', port=80): Read timed out. (read timeout=180)")': /1741000/pharmacies/info?serviceKey=DvyS97s%2FWyCWPJjBU7bvoebRE%2B4lxRphMHewhAcQQrGMPT%2F8PcP0bOCO8bTs2b7H25qViKWruSqim57HphOAjA%3D%3D&pageNo=48&numOfRows=500&type=json&localCode=3990000
2026-04-02 08:25:24,405 [WARNING] Retrying (Retry(total=4, connect=None, read=None, redirect=None, status=None)) after connection broken by 'ReadTimeoutError("HTTPConnectionPool(host='apis.data.go.kr', port=80): Read timed out. (read timeout=180)")': /1741000/pharmacies/info?serviceKey=DvyS97s%2FWyCWPJjBU7bvoebRE%2B4lxRphMHewhAcQQrGMPT%2F8PcP0bOCO8bTs2b7H25qViKWruSqim57HphOAjA%3D%3D&pageNo=42&numOfRows=500&type=json&localCode=3990000
2026-04-02 08:25:24,406 [WARNING] Retrying (Retry(total=4, connect=None, read=None, redirect=None, status=None)) after connection broken by 'ReadTimeoutError("HTTPConnectionPool(host='apis.data.go.kr', port=80): Read timed out. (read timeout=180)")': /1741000/pharmacies/info?serviceKey=DvyS97s%2FWyCWPJjBU7bvoebRE%2B4lxRphMHewhAcQQrGMPT%2F8PcP0bOCO8bTs2b7H25qViKWruSqim57HphOAjA%3D%3D&pageNo=45&numOfRows=500&type=json&localCode=3990000
2026-04-02 08:25:24,406 [WARNING] Retrying (Retry(total=4, connect=None, read=None, redirect=None, status=None)) after connection broken by 'ReadTimeoutError("HTTPConnectionPool(host='apis.data.go.kr', port=80): Read timed out. (read timeout=180)")': /1741000/pharmacies/info?serviceKey=DvyS97s%2FWyCWPJjBU7bvoebRE%2B4lxRphMHewhAcQQrGMPT%2F8PcP0bOCO8bTs2b7H25qViKWruSqim57HphOAjA%3D%3D&pageNo=44&numOfRows=500&type=json&localCode=3990000
2026-04-02 08:25:24,406 [WARNING] Retrying (Retry(total=4, connect=None, read=None, redirect=None, status=None)) after connection broken by 'ReadTimeoutError("HTTPConnectionPool(host='apis.data.go.kr', port=80): Read timed out. (read timeout=180)")': /1741000/pharmacies/info?serviceKey=DvyS97s%2FWyCWPJjBU7bvoebRE%2B4lxRphMHewhAcQQrGMPT%2F8PcP0bOCO8bTs2b7H25qViKWruSqim57HphOAjA%3D%3D&pageNo=47&numOfRows=500&type=json&localCode=3990000
2026-04-02 08:25:24,406 [WARNING] Retrying (Retry(total=4, connect=None, read=None, redirect=None, status=None)) after connection broken by 'ReadTimeoutError("HTTPConnectionPool(host='apis.data.go.kr', port=80): Read timed out. (read timeout=180)")': /1741000/pharmacies/info?serviceKey=DvyS97s%2FWyCWPJjBU7bvoebRE%2B4lxRphMHewhAcQQrGMPT%2F8PcP0bOCO8bTs2b7H25qViKWruSqim57HphOAjA%3D%3D&pageNo=46&numOfRows=500&type=json&localCode=3990000
2026-04-02 08:25:24,406 [WARNING] Retrying (Retry(total=4, connect=None, read=None, redirect=None, status=None)) after connection broken by 'ReadTimeoutError("HTTPConnectionPool(host='apis.data.go.kr', port=80): Read timed out. (read timeout=180)")': /1741000/pharmacies/info?serviceKey=DvyS97s%2FWyCWPJjBU7bvoebRE%2B4lxRphMHewhAcQQrGMPT%2F8PcP0bOCO8bTs2b7H25qViKWruSqim57HphOAjA%3D%3D&pageNo=41&numOfRows=500&type=json&localCode=3990000
2026-04-02 08:25:24,406 [WARNING] Retrying (Retry(total=4, connect=None, read=None, redirect=None, status=None)) after connection broken by 'ReadTimeoutError("HTTPConnectionPool(host='apis.data.go.kr', port=80): Read timed out. (read timeout=180)")': /1741000/pharmacies/info?serviceKey=DvyS97s%2FWyCWPJjBU7bvoebRE%2B4lxRphMHewhAcQQrGMPT%2F8PcP0bOCO8bTs2b7H25qViKWruSqim57HphOAjA%3D%3D&pageNo=43&numOfRows=500&type=json&localCode=3990000
2026-04-02 08:25:24,406 [WARNING] Retrying (Retry(total=4, connect=None, read=None, redirect=None, status=None)) after connection broken by 'ReadTimeoutError("HTTPConnectionPool(host='apis.data.go.kr', port=80): Read timed out. (read timeout=180)")': /1741000/pharmacies/info?serviceKey=DvyS97s%2FWyCWPJjBU7bvoebRE%2B4lxRphMHewhAcQQrGMPT%2F8PcP0bOCO8bTs2b7H25qViKWruSqim57HphOAjA%3D%3D&pageNo=49&numOfRows=500&type=json&localCode=3990000
2026-04-02 08:27:45,986 [WARNING] Retrying (Retry(total=4, connect=None, read=None, redirect=None, status=None)) after connection broken by 'OSError(49, "Can't assign requested address")': /1741000/general_restaurants/info?serviceKey=DvyS97s%2FWyCWPJjBU7bvoebRE%2B4lxRphMHewhAcQQrGMPT%2F8PcP0bOCO8bTs2b7H25qViKWruSqim57HphOAjA%3D%3D&pageNo=3304&numOfRows=500&type=json&localCode=3120000
2026-04-02 11:28:42,503 [WARNING] Retrying (Retry(total=0, connect=None, read=None, redirect=None, status=None)) after connection broken by 'ReadTimeoutError("HTTPConnectionPool(host='apis.data.go.kr', port=80): Read timed out. (read timeout=180)")': /1741000/general_restaurants/info?serviceKey=DvyS97s%2FWyCWPJjBU7bvoebRE%2B4lxRphMHewhAcQQrGMPT%2F8PcP0bOCO8bTs2b7H25qViKWruSqim57HphOAjA%3D%3D&pageNo=3837&numOfRows=500&type=json&localCode=3120000
2026-04-02 11:28:42,558 [WARNING] Retrying (Retry(total=0, connect=None, read=None, redirect=None, status=None)) after connection broken by 'ReadTimeoutError("HTTPConnectionPool(host='apis.data.go.kr', port=80): Read timed out. (read timeout=180)")': /1741000/general_restaurants/info?serviceKey=DvyS97s%2FWyCWPJjBU7bvoebRE%2B4lxRphMHewhAcQQrGMPT%2F8PcP0bOCO8bTs2b7H25qViKWruSqim57HphOAjA%3D%3D&pageNo=3836&numOfRows=500&type=json&localCode=3120000
2026-04-02 11:31:01,768 [WARNING] Retrying (Retry(total=4, connect=None, read=None, redirect=None, status=None)) after connection broken by 'ReadTimeoutError("HTTPConnectionPool(host='apis.data.go.kr', port=80): Read timed out. (read timeout=180)")': /1741000/meat_packers/info?serviceKey=DvyS97s%2FWyCWPJjBU7bvoebRE%2B4lxRphMHewhAcQQrGMPT%2F8PcP0bOCO8bTs2b7H25qViKWruSqim57HphOAjA%3D%3D&pageNo=1&numOfRows=500&type=json&localCode=3080000
2026-04-02 11:31:26,234 [WARNING] Retrying (Retry(total=4, connect=None, read=None, redirect=None, status=None)) after connection broken by 'ReadTimeoutError("HTTPConnectionPool(host='apis.data.go.kr', port=80): Read timed out. (read timeout=180)")': /1741000/meat_packers/info?serviceKey=DvyS97s%2FWyCWPJjBU7bvoebRE%2B4lxRphMHewhAcQQrGMPT%2F8PcP0bOCO8bTs2b7H25qViKWruSqim57HphOAjA%3D%3D&pageNo=7&numOfRows=500&type=json&localCode=3080000
2026-04-02 11:31:26,778 [WARNING] Retrying (Retry(total=4, connect=None, read=None, redirect=None, status=None)) after connection broken by 'ReadTimeoutError("HTTPConnectionPool(host='apis.data.go.kr', port=80): Read timed out. (read timeout=180)")': /1741000/meat_packers/info?serviceKey=DvyS97s%2FWyCWPJjBU7bvoebRE%2B4lxRphMHewhAcQQrGMPT%2F8PcP0bOCO8bTs2b7H25qViKWruSqim57HphOAjA%3D%3D&pageNo=10&numOfRows=500&type=json&localCode=3080000
2026-04-02 11:31:28,879 [WARNING] Retrying (Retry(total=4, connect=None, read=None, redirect=None, status=None)) after connection broken by 'ReadTimeoutError("HTTPConnectionPool(host='apis.data.go.kr', port=80): Read timed out. (read timeout=180)")': /1741000/meat_packers/info?serviceKey=DvyS97s%2FWyCWPJjBU7bvoebRE%2B4lxRphMHewhAcQQrGMPT%2F8PcP0bOCO8bTs2b7H25qViKWruSqim57HphOAjA%3D%3D&pageNo=5&numOfRows=500&type=json&localCode=3080000
2026-04-02 11:31:29,901 [WARNING] Retrying (Retry(total=4, connect=None, read=None, redirect=None, status=None)) after connection broken by 'ReadTimeoutError("HTTPConnectionPool(host='apis.data.go.kr', port=80): Read timed out. (read timeout=180)")': /1741000/meat_packers/info?serviceKey=DvyS97s%2FWyCWPJjBU7bvoebRE%2B4lxRphMHewhAcQQrGMPT%2F8PcP0bOCO8bTs2b7H25qViKWruSqim57HphOAjA%3D%3D&pageNo=9&numOfRows=500&type=json&localCode=3080000
2026-04-02 11:31:35,559 [WARNING] Retrying (Retry(total=4, connect=None, read=None, redirect=None, status=None)) after connection broken by 'ReadTimeoutError("HTTPConnectionPool(host='apis.data.go.kr', port=80): Read timed out. (read timeout=180)")': /1741000/meat_packers/info?serviceKey=DvyS97s%2FWyCWPJjBU7bvoebRE%2B4lxRphMHewhAcQQrGMPT%2F8PcP0bOCO8bTs2b7H25qViKWruSqim57HphOAjA%3D%3D&pageNo=8&numOfRows=500&type=json&localCode=3080000
2026-04-02 11:31:37,088 [WARNING] Retrying (Retry(total=4, connect=None, read=None, redirect=None, status=None)) after connection broken by 'ReadTimeoutError("HTTPConnectionPool(host='apis.data.go.kr', port=80): Read timed out. (read timeout=180)")': /1741000/meat_packers/info?serviceKey=DvyS97s%2FWyCWPJjBU7bvoebRE%2B4lxRphMHewhAcQQrGMPT%2F8PcP0bOCO8bTs2b7H25qViKWruSqim57HphOAjA%3D%3D&pageNo=2&numOfRows=500&type=json&localCode=3080000
2026-04-02 11:31:37,125 [WARNING] Retrying (Retry(total=4, connect=None, read=None, redirect=None, status=None)) after connection broken by 'ReadTimeoutError("HTTPConnectionPool(host='apis.data.go.kr', port=80): Read timed out. (read timeout=180)")': /1741000/meat_packers/info?serviceKey=DvyS97s%2FWyCWPJjBU7bvoebRE%2B4lxRphMHewhAcQQrGMPT%2F8PcP0bOCO8bTs2b7H25qViKWruSqim57HphOAjA%3D%3D&pageNo=1&numOfRows=500&type=json&localCode=3080000
2026-04-02 11:31:41,687 [WARNING] Retrying (Retry(total=4, connect=None, read=None, redirect=None, status=None)) after connection broken by 'ReadTimeoutError("HTTPConnectionPool(host='apis.data.go.kr', port=80): Read timed out. (read timeout=180)")': /1741000/meat_packers/info?serviceKey=DvyS97s%2FWyCWPJjBU7bvoebRE%2B4lxRphMHewhAcQQrGMPT%2F8PcP0bOCO8bTs2b7H25qViKWruSqim57HphOAjA%3D%3D&pageNo=6&numOfRows=500&type=json&localCode=3080000
2026-04-02 11:31:42,745 [WARNING] Retrying (Retry(total=4, connect=None, read=None, redirect=None, status=None)) after connection broken by 'ReadTimeoutError("HTTPConnectionPool(host='apis.data.go.kr', port=80): Read timed out. (read timeout=180)")': /1741000/meat_packers/info?serviceKey=DvyS97s%2FWyCWPJjBU7bvoebRE%2B4lxRphMHewhAcQQrGMPT%2F8PcP0bOCO8bTs2b7H25qViKWruSqim57HphOAjA%3D%3D&pageNo=4&numOfRows=500&type=json&localCode=3080000
