2026-03-19 17:57:04,635 [INFO] ==========================================
2026-03-19 17:57:04,635 [INFO] 매일 자동 동기화 시작: 2026-03-19 17:57:04
2026-03-19 17:57:04,635 [INFO] 1단계: 데이터 추출 엔진 가동...
2026-03-19 18:03:59,750 [INFO] 성공: python3... 완료
2026-03-19 18:03:59,750 [INFO] 2단계: 깃허브 자동 커밋 및 푸시...
2026-03-19 18:04:00,428 [INFO] 성공: git... 완료
2026-03-19 18:04:00,505 [INFO] 성공: git... 완료
2026-03-19 18:04:00,505 [INFO] 3단계: 원격 저장소로 푸시 중...
2026-03-19 18:04:01,380 [ERROR] 실패: git push origin main
Error: To https://github.com/bough38-web/field-sales-assistant.git
 ! [rejected]        main -> main (fetch first)
error: failed to push some refs to 'https://github.com/bough38-web/field-sales-assistant.git'
hint: Updates were rejected because the remote contains work that you do not
hint: have locally. This is usually caused by another repository pushing to
hint: the same ref. If you want to integrate the remote changes, use
hint: 'git pull' before pushing again.
hint: See the 'Note about fast-forwards' in 'git push --help' for details.

2026-03-19 18:04:01,381 [ERROR] 푸시 실패. 네트워크 상태나 권한을 확인하세요.
2026-03-20 01:06:48,630 [INFO] ==========================================
2026-03-20 01:06:48,630 [INFO] 매일 자동 동기화 시작: 2026-03-20 01:06:48
2026-03-20 01:06:48,630 [INFO] 1단계: 데이터 추출 엔진 가동...
2026-03-20 01:17:08,671 [INFO] 성공: python3... 완료
2026-03-20 01:17:08,671 [INFO] 2단계: 깃허브 자동 커밋 및 푸시...
2026-03-21 01:02:30,752 [INFO] ==========================================
2026-03-21 01:02:30,752 [INFO] 매일 자동 동기화 시작: 2026-03-21 01:02:30
2026-03-21 01:02:30,752 [INFO] 1단계: 데이터 추출 엔진 가동...
2026-03-21 01:03:58,410 [INFO] 성공: python3... 완료
2026-03-21 01:03:58,410 [INFO] 2단계: 깃허브 자동 커밋 및 푸시...
2026-03-22 01:09:58,081 [INFO] ==========================================
2026-03-22 01:09:58,081 [INFO] 매일 자동 동기화 시작: 2026-03-22 01:09:58
2026-03-22 01:09:58,081 [INFO] 1단계: 데이터 추출 엔진 가동...
2026-03-22 01:11:27,100 [INFO] 성공: python3... 완료
2026-03-22 01:11:27,100 [INFO] 2단계: 깃허브 자동 커밋 및 푸시...
2026-04-08 03:20:20,574 [INFO] ==========================================
2026-04-08 03:20:20,574 [INFO] 매일 자동 동기화 시작: 2026-04-08 03:20:20
2026-04-08 03:20:20,574 [INFO] 1단계: 데이터 추출 엔진 가동...
2026-04-08 09:04:28,623 [INFO] 성공: python3... 완료
2026-04-08 09:04:28,624 [INFO] 2단계: 깃허브 자동 커밋 및 푸시...
2026-04-09 02:55:59,551 [INFO] ==========================================
2026-04-09 02:55:59,551 [INFO] 매일 자동 동기화 시작: 2026-04-09 02:55:59
2026-04-09 02:55:59,551 [INFO] 1단계: 데이터 추출 엔진 가동...
2026-04-09 07:37:36,758 [INFO] 성공: python3... 완료
2026-04-09 07:37:36,758 [INFO] 2단계: 깃허브 자동 커밋 및 푸시...
2026-04-11 02:52:16,579 [INFO] ==========================================
2026-04-11 02:52:16,579 [INFO] 매일 자동 동기화 시작: 2026-04-11 02:52:16
2026-04-11 02:52:16,579 [INFO] 1단계: 데이터 추출 엔진 가동...
2026-04-11 07:27:04,602 [INFO] 성공: python3... 완료
2026-04-11 07:27:04,602 [INFO] 2단계: 깃허브 자동 커밋 및 푸시...
2026-04-12 03:32:28,737 [INFO] ==========================================
2026-04-12 03:32:28,737 [INFO] 매일 자동 동기화 시작: 2026-04-12 03:32:28
2026-04-12 03:32:28,737 [INFO] 1단계: 데이터 추출 엔진 가동...
2026-04-12 07:26:08,848 [INFO] 성공: python3... 완료
2026-04-12 07:26:08,848 [INFO] 2단계: 깃허브 자동 커밋 및 푸시...
2026-04-13 03:38:52,990 [INFO] ==========================================
2026-04-13 03:38:52,990 [INFO] 매일 자동 동기화 시작: 2026-04-13 03:38:52
2026-04-13 03:38:52,990 [INFO] 1단계: 데이터 추출 엔진 가동...
2026-04-13 05:33:52,291 [INFO] 성공: python3... 완료
2026-04-13 05:33:52,292 [INFO] 2단계: 깃허브 자동 커밋 및 푸시...
2026-04-14 03:28:39,621 [INFO] ==========================================
2026-04-14 03:28:39,622 [INFO] 매일 자동 동기화 시작: 2026-04-14 03:28:39
2026-04-14 03:28:39,622 [INFO] 1단계: 데이터 추출 엔진 가동...
2026-04-14 07:41:25,464 [INFO] 성공: python3... 완료
2026-04-14 07:41:25,464 [INFO] 2단계: 깃허브 자동 커밋 및 푸시...
2026-04-15 03:27:16,082 [INFO] ==========================================
2026-04-15 03:27:16,083 [INFO] 매일 자동 동기화 시작: 2026-04-15 03:27:16
2026-04-15 03:27:16,083 [INFO] 1단계: 데이터 추출 엔진 가동...
2026-04-15 07:35:58,556 [INFO] 성공: python3... 완료
2026-04-15 07:35:58,556 [INFO] 2단계: 깃허브 자동 커밋 및 푸시...
2026-04-17 03:30:27,132 [INFO] ==========================================
2026-04-17 03:30:27,132 [INFO] 매일 자동 동기화 시작: 2026-04-17 03:30:27
2026-04-17 03:30:27,132 [INFO] 1단계: 데이터 추출 엔진 가동...
2026-04-17 09:23:45,094 [INFO] 성공: python3... 완료
2026-04-17 09:23:45,094 [INFO] 2단계: 깃허브 자동 커밋 및 푸시...
2026-04-18 03:18:31,265 [INFO] ==========================================
2026-04-18 03:18:31,265 [INFO] 매일 자동 동기화 시작: 2026-04-18 03:18:31
2026-04-18 03:18:31,265 [INFO] 1단계: 데이터 추출 엔진 가동...
2026-04-18 07:46:19,260 [INFO] 성공: python3... 완료
2026-04-18 07:46:19,260 [INFO] 2단계: 깃허브 자동 커밋 및 푸시...
2026-04-23 03:32:53,678 [INFO] ==========================================
2026-04-23 03:32:53,678 [INFO] 매일 자동 동기화 시작: 2026-04-23 03:32:53
2026-04-23 03:32:53,678 [INFO] 1단계: 데이터 추출 엔진 가동...
2026-04-23 09:26:53,282 [INFO] 성공: python3... 완료
2026-04-23 09:26:53,282 [INFO] 2단계: 깃허브 자동 커밋 및 푸시...
2026-04-25 03:19:17,652 [INFO] ==========================================
2026-04-25 03:19:17,652 [INFO] 매일 자동 동기화 시작: 2026-04-25 03:19:17
2026-04-25 03:19:17,652 [INFO] 1단계: 데이터 추출 엔진 가동...
2026-04-25 09:11:40,869 [INFO] 성공: python3... 완료
2026-04-25 09:11:40,870 [INFO] 2단계: 깃허브 자동 커밋 및 푸시...
2026-04-26 03:41:50,646 [INFO] ==========================================
2026-04-26 03:41:50,646 [INFO] 매일 자동 동기화 시작: 2026-04-26 03:41:50
2026-04-26 03:41:50,646 [INFO] 1단계: 데이터 추출 엔진 가동...
2026-04-26 09:15:29,376 [INFO] 성공: python3... 완료
2026-04-26 09:15:29,376 [INFO] 2단계: 깃허브 자동 커밋 및 푸시...
2026-04-28 03:52:17,741 [INFO] ==========================================
2026-04-28 03:52:17,741 [INFO] 매일 자동 동기화 시작: 2026-04-28 03:52:17
2026-04-28 03:52:17,741 [INFO] 1단계: 데이터 추출 엔진 가동...
2026-04-28 09:25:21,383 [INFO] 성공: python3... 완료
2026-04-28 09:25:21,384 [INFO] 2단계: 깃허브 자동 커밋 및 푸시...
2026-04-29 03:49:38,231 [INFO] ==========================================
2026-04-29 03:49:38,231 [INFO] 매일 자동 동기화 시작: 2026-04-29 03:49:38
2026-04-29 03:49:38,231 [INFO] 1단계: 데이터 추출 엔진 가동...
2026-04-29 09:15:31,749 [INFO] 성공: python3... 완료
2026-04-29 09:15:31,750 [INFO] 2단계: 깃허브 자동 커밋 및 푸시...
2026-04-30 03:50:22,871 [INFO] ==========================================
2026-04-30 03:50:22,871 [INFO] 매일 자동 동기화 시작: 2026-04-30 03:50:22
2026-04-30 03:50:22,871 [INFO] 1단계: 데이터 추출 엔진 가동...
2026-04-30 08:35:29,850 [INFO] 성공: python3... 완료
2026-04-30 08:35:29,850 [INFO] 2단계: 깃허브 자동 커밋 및 푸시...
2026-05-01 04:01:49,681 [INFO] ==========================================
2026-05-01 04:01:49,681 [INFO] 매일 자동 동기화 시작: 2026-05-01 04:01:49
2026-05-01 04:01:49,681 [INFO] 1단계: 데이터 추출 엔진 가동...
2026-05-01 09:21:12,038 [INFO] 성공: python3... 완료
2026-05-01 09:21:12,038 [INFO] 2단계: 깃허브 자동 커밋 및 푸시...
